[2020-11-09]  09:43:42    pywiki    ERROR     Traceback (most recent call last):
  File "E:\Python\Projects\meseser\venv\lib\site-packages\urllib3\connectionpool.py", line 670, in urlopen
    httplib_response = self._make_request(
  File "E:\Python\Projects\meseser\venv\lib\site-packages\urllib3\connectionpool.py", line 381, in _make_request
    self._validate_conn(conn)
  File "E:\Python\Projects\meseser\venv\lib\site-packages\urllib3\connectionpool.py", line 978, in _validate_conn
    conn.connect()
  File "E:\Python\Projects\meseser\venv\lib\site-packages\urllib3\connection.py", line 362, in connect
    self.sock = ssl_wrap_socket(
  File "E:\Python\Projects\meseser\venv\lib\site-packages\urllib3\util\ssl_.py", line 386, in ssl_wrap_socket
    return context.wrap_socket(sock, server_hostname=server_hostname)
  File "E:\Python\Interpreter\Python39\lib\ssl.py", line 500, in wrap_socket
    return self.sslsocket_class._create(
  File "E:\Python\Interpreter\Python39\lib\ssl.py", line 1040, in _create
    self.do_handshake()
  File "E:\Python\Interpreter\Python39\lib\ssl.py", line 1309, in do_handshake
    self._sslobj.do_handshake()
ssl.SSLCertVerificationError: [SSL: CERTIFICATE_VERIFY_FAILED] certificate verify failed: unable to get local issuer certificate (_ssl.c:1122)

During handling of the above exception, another exception occurred:

Traceback (most recent call last):
  File "E:\Python\Projects\meseser\venv\lib\site-packages\requests\adapters.py", line 439, in send
    resp = conn.urlopen(
  File "E:\Python\Projects\meseser\venv\lib\site-packages\urllib3\connectionpool.py", line 726, in urlopen
    retries = retries.increment(
  File "E:\Python\Projects\meseser\venv\lib\site-packages\urllib3\util\retry.py", line 446, in increment
    raise MaxRetryError(_pool, url, error or ResponseError(cause))
urllib3.exceptions.MaxRetryError: HTTPSConnectionPool(host='nonsa.pl', port=443): Max retries exceeded with url: /api.php?action=query&meta=siteinfo%7Cuserinfo&siprop=namespaces%7Cnamespacealiases%7Cgeneral&continue=&uiprop=blockinfo%7Chasmsg&maxlag=5&format=json (Caused by SSLError(SSLCertVerificationError(1, '[SSL: CERTIFICATE_VERIFY_FAILED] certificate verify failed: unable to get local issuer certificate (_ssl.c:1122)')))

During handling of the above exception, another exception occurred:

Traceback (most recent call last):
  File "E:\Python\Projects\pywikibot\pywikibot\comms\http.py", line 494, in fetch
    response = session.request(method, uri, params=params, data=body,
  File "E:\Python\Projects\meseser\venv\lib\site-packages\requests\sessions.py", line 530, in request
    resp = self.send(prep, **send_kwargs)
  File "E:\Python\Projects\meseser\venv\lib\site-packages\requests\sessions.py", line 643, in send
    r = adapter.send(request, **kwargs)
  File "E:\Python\Projects\meseser\venv\lib\site-packages\requests\adapters.py", line 514, in send
    raise SSLError(e, request=request)
requests.exceptions.SSLError: HTTPSConnectionPool(host='nonsa.pl', port=443): Max retries exceeded with url: /api.php?action=query&meta=siteinfo%7Cuserinfo&siprop=namespaces%7Cnamespacealiases%7Cgeneral&continue=&uiprop=blockinfo%7Chasmsg&maxlag=5&format=json (Caused by SSLError(SSLCertVerificationError(1, '[SSL: CERTIFICATE_VERIFY_FAILED] certificate verify failed: unable to get local issuer certificate (_ssl.c:1122)')))

During handling of the above exception, another exception occurred:

Traceback (most recent call last):
  File "E:\Python\Projects\pywikibot\pywikibot\data\api.py", line 1618, in _http_request
    data = http.request(
  File "E:\Python\Projects\pywikibot\pywikibot\tools\__init__.py", line 1450, in wrapper
    return obj(*__args, **__kw)
  File "E:\Python\Projects\pywikibot\pywikibot\comms\http.py", line 262, in request
    r = fetch(baseuri, method, params, body, headers, **kwargs)
  File "E:\Python\Projects\pywikibot\pywikibot\tools\__init__.py", line 1450, in wrapper
    return obj(*__args, **__kw)
  File "E:\Python\Projects\pywikibot\pywikibot\comms\http.py", line 499, in fetch
    request.data = e
  File "E:\Python\Projects\pywikibot\pywikibot\comms\threadedhttp.py", line 71, in data
    callback(self)
  File "E:\Python\Projects\pywikibot\pywikibot\comms\http.py", line 343, in error_handling_callback
    raise FatalServerError(str(request.data))
pywikibot.exceptions.FatalServerError: HTTPSConnectionPool(host='nonsa.pl', port=443): Max retries exceeded with url: /api.php?action=query&meta=siteinfo%7Cuserinfo&siprop=namespaces%7Cnamespacealiases%7Cgeneral&continue=&uiprop=blockinfo%7Chasmsg&maxlag=5&format=json (Caused by SSLError(SSLCertVerificationError(1, '[SSL: CERTIFICATE_VERIFY_FAILED] certificate verify failed: unable to get local issuer certificate (_ssl.c:1122)')))

[2020-11-09]  09:43:45    pywiki    ERROR     Traceback (most recent call last):
  File "E:\Python\Projects\meseser\venv\lib\site-packages\urllib3\connectionpool.py", line 670, in urlopen
    httplib_response = self._make_request(
  File "E:\Python\Projects\meseser\venv\lib\site-packages\urllib3\connectionpool.py", line 381, in _make_request
    self._validate_conn(conn)
  File "E:\Python\Projects\meseser\venv\lib\site-packages\urllib3\connectionpool.py", line 978, in _validate_conn
    conn.connect()
  File "E:\Python\Projects\meseser\venv\lib\site-packages\urllib3\connection.py", line 362, in connect
    self.sock = ssl_wrap_socket(
  File "E:\Python\Projects\meseser\venv\lib\site-packages\urllib3\util\ssl_.py", line 386, in ssl_wrap_socket
    return context.wrap_socket(sock, server_hostname=server_hostname)
  File "E:\Python\Interpreter\Python39\lib\ssl.py", line 500, in wrap_socket
    return self.sslsocket_class._create(
  File "E:\Python\Interpreter\Python39\lib\ssl.py", line 1040, in _create
    self.do_handshake()
  File "E:\Python\Interpreter\Python39\lib\ssl.py", line 1309, in do_handshake
    self._sslobj.do_handshake()
ssl.SSLCertVerificationError: [SSL: CERTIFICATE_VERIFY_FAILED] certificate verify failed: unable to get local issuer certificate (_ssl.c:1122)

During handling of the above exception, another exception occurred:

Traceback (most recent call last):
  File "E:\Python\Projects\meseser\venv\lib\site-packages\requests\adapters.py", line 439, in send
    resp = conn.urlopen(
  File "E:\Python\Projects\meseser\venv\lib\site-packages\urllib3\connectionpool.py", line 726, in urlopen
    retries = retries.increment(
  File "E:\Python\Projects\meseser\venv\lib\site-packages\urllib3\util\retry.py", line 446, in increment
    raise MaxRetryError(_pool, url, error or ResponseError(cause))
urllib3.exceptions.MaxRetryError: HTTPSConnectionPool(host='nonsa.pl', port=443): Max retries exceeded with url: /api.php?action=query&meta=siteinfo%7Cuserinfo&siprop=namespaces%7Cnamespacealiases%7Cgeneral&continue=&uiprop=blockinfo%7Chasmsg&maxlag=5&format=json (Caused by SSLError(SSLCertVerificationError(1, '[SSL: CERTIFICATE_VERIFY_FAILED] certificate verify failed: unable to get local issuer certificate (_ssl.c:1122)')))

During handling of the above exception, another exception occurred:

Traceback (most recent call last):
  File "E:\Python\Projects\pywikibot\pywikibot\comms\http.py", line 494, in fetch
    response = session.request(method, uri, params=params, data=body,
  File "E:\Python\Projects\meseser\venv\lib\site-packages\requests\sessions.py", line 530, in request
    resp = self.send(prep, **send_kwargs)
  File "E:\Python\Projects\meseser\venv\lib\site-packages\requests\sessions.py", line 643, in send
    r = adapter.send(request, **kwargs)
  File "E:\Python\Projects\meseser\venv\lib\site-packages\requests\adapters.py", line 514, in send
    raise SSLError(e, request=request)
requests.exceptions.SSLError: HTTPSConnectionPool(host='nonsa.pl', port=443): Max retries exceeded with url: /api.php?action=query&meta=siteinfo%7Cuserinfo&siprop=namespaces%7Cnamespacealiases%7Cgeneral&continue=&uiprop=blockinfo%7Chasmsg&maxlag=5&format=json (Caused by SSLError(SSLCertVerificationError(1, '[SSL: CERTIFICATE_VERIFY_FAILED] certificate verify failed: unable to get local issuer certificate (_ssl.c:1122)')))

During handling of the above exception, another exception occurred:

Traceback (most recent call last):
  File "E:\Python\Projects\pywikibot\scripts\userscripts\geolocbot\geolocbot\connecting.py", line 18, in log_in
    pywikibot.Site('pl', 'nonsensopedia').login()
  File "E:\Python\Projects\pywikibot\pywikibot\tools\__init__.py", line 1450, in wrapper
    return obj(*__args, **__kw)
  File "E:\Python\Projects\pywikibot\pywikibot\site\__init__.py", line 1484, in login
    self.getuserinfo(force=True)
  File "E:\Python\Projects\pywikibot\pywikibot\site\__init__.py", line 1583, in getuserinfo
    uidata = uirequest.submit()
  File "E:\Python\Projects\pywikibot\pywikibot\data\api.py", line 1864, in submit
    self._add_defaults()
  File "E:\Python\Projects\pywikibot\pywikibot\data\api.py", line 1392, in _add_defaults
    and self.site.mw_version >= '1.25wmf5'):
  File "E:\Python\Projects\pywikibot\pywikibot\site\__init__.py", line 2134, in mw_version
    mw_ver = MediaWikiVersion(self.version())
  File "E:\Python\Projects\pywikibot\pywikibot\site\__init__.py", line 2110, in version
    version = self.siteinfo.get('generator', expiry=1).split(' ')[1]
  File "E:\Python\Projects\pywikibot\pywikibot\site\_siteinfo.py", line 298, in get
    preloaded = self._get_general(key, expiry)
  File "E:\Python\Projects\pywikibot\pywikibot\site\_siteinfo.py", line 242, in _get_general
    default_info = self._get_siteinfo(props, expiry)
  File "E:\Python\Projects\pywikibot\pywikibot\site\_siteinfo.py", line 166, in _get_siteinfo
    data = request.submit()
  File "E:\Python\Projects\pywikibot\pywikibot\data\api.py", line 2142, in submit
    self._data = super().submit()
  File "E:\Python\Projects\pywikibot\pywikibot\data\api.py", line 1882, in submit
    rawdata, use_get = self._http_request(use_get, uri, body, headers,
  File "E:\Python\Projects\pywikibot\pywikibot\data\api.py", line 1618, in _http_request
    data = http.request(
  File "E:\Python\Projects\pywikibot\pywikibot\tools\__init__.py", line 1450, in wrapper
    return obj(*__args, **__kw)
  File "E:\Python\Projects\pywikibot\pywikibot\comms\http.py", line 262, in request
    r = fetch(baseuri, method, params, body, headers, **kwargs)
  File "E:\Python\Projects\pywikibot\pywikibot\tools\__init__.py", line 1450, in wrapper
    return obj(*__args, **__kw)
  File "E:\Python\Projects\pywikibot\pywikibot\comms\http.py", line 499, in fetch
    request.data = e
  File "E:\Python\Projects\pywikibot\pywikibot\comms\threadedhttp.py", line 71, in data
    callback(self)
  File "E:\Python\Projects\pywikibot\pywikibot\comms\http.py", line 343, in error_handling_callback
    raise FatalServerError(str(request.data))
pywikibot.exceptions.FatalServerError: HTTPSConnectionPool(host='nonsa.pl', port=443): Max retries exceeded with url: /api.php?action=query&meta=siteinfo%7Cuserinfo&siprop=namespaces%7Cnamespacealiases%7Cgeneral&continue=&uiprop=blockinfo%7Chasmsg&maxlag=5&format=json (Caused by SSLError(SSLCertVerificationError(1, '[SSL: CERTIFICATE_VERIFY_FAILED] certificate verify failed: unable to get local issuer certificate (_ssl.c:1122)')))

During handling of the above exception, another exception occurred:

Traceback (most recent call last):
  File "E:\Python\Projects\meseser\venv\lib\site-packages\urllib3\connectionpool.py", line 670, in urlopen
    httplib_response = self._make_request(
  File "E:\Python\Projects\meseser\venv\lib\site-packages\urllib3\connectionpool.py", line 381, in _make_request
    self._validate_conn(conn)
  File "E:\Python\Projects\meseser\venv\lib\site-packages\urllib3\connectionpool.py", line 978, in _validate_conn
    conn.connect()
  File "E:\Python\Projects\meseser\venv\lib\site-packages\urllib3\connection.py", line 362, in connect
    self.sock = ssl_wrap_socket(
  File "E:\Python\Projects\meseser\venv\lib\site-packages\urllib3\util\ssl_.py", line 386, in ssl_wrap_socket
    return context.wrap_socket(sock, server_hostname=server_hostname)
  File "E:\Python\Interpreter\Python39\lib\ssl.py", line 500, in wrap_socket
    return self.sslsocket_class._create(
  File "E:\Python\Interpreter\Python39\lib\ssl.py", line 1040, in _create
    self.do_handshake()
  File "E:\Python\Interpreter\Python39\lib\ssl.py", line 1309, in do_handshake
    self._sslobj.do_handshake()
ssl.SSLCertVerificationError: [SSL: CERTIFICATE_VERIFY_FAILED] certificate verify failed: unable to get local issuer certificate (_ssl.c:1122)

During handling of the above exception, another exception occurred:

Traceback (most recent call last):
  File "E:\Python\Projects\meseser\venv\lib\site-packages\requests\adapters.py", line 439, in send
    resp = conn.urlopen(
  File "E:\Python\Projects\meseser\venv\lib\site-packages\urllib3\connectionpool.py", line 726, in urlopen
    retries = retries.increment(
  File "E:\Python\Projects\meseser\venv\lib\site-packages\urllib3\util\retry.py", line 446, in increment
    raise MaxRetryError(_pool, url, error or ResponseError(cause))
urllib3.exceptions.MaxRetryError: HTTPSConnectionPool(host='nonsa.pl', port=443): Max retries exceeded with url: /api.php?action=query&meta=siteinfo%7Cuserinfo&siprop=namespaces%7Cnamespacealiases%7Cgeneral&continue=&uiprop=blockinfo%7Chasmsg&maxlag=5&format=json (Caused by SSLError(SSLCertVerificationError(1, '[SSL: CERTIFICATE_VERIFY_FAILED] certificate verify failed: unable to get local issuer certificate (_ssl.c:1122)')))

During handling of the above exception, another exception occurred:

Traceback (most recent call last):
  File "E:\Python\Projects\pywikibot\pywikibot\comms\http.py", line 494, in fetch
    response = session.request(method, uri, params=params, data=body,
  File "E:\Python\Projects\meseser\venv\lib\site-packages\requests\sessions.py", line 530, in request
    resp = self.send(prep, **send_kwargs)
  File "E:\Python\Projects\meseser\venv\lib\site-packages\requests\sessions.py", line 643, in send
    r = adapter.send(request, **kwargs)
  File "E:\Python\Projects\meseser\venv\lib\site-packages\requests\adapters.py", line 514, in send
    raise SSLError(e, request=request)
requests.exceptions.SSLError: HTTPSConnectionPool(host='nonsa.pl', port=443): Max retries exceeded with url: /api.php?action=query&meta=siteinfo%7Cuserinfo&siprop=namespaces%7Cnamespacealiases%7Cgeneral&continue=&uiprop=blockinfo%7Chasmsg&maxlag=5&format=json (Caused by SSLError(SSLCertVerificationError(1, '[SSL: CERTIFICATE_VERIFY_FAILED] certificate verify failed: unable to get local issuer certificate (_ssl.c:1122)')))

During handling of the above exception, another exception occurred:

Traceback (most recent call last):
  File "E:\Python\Projects\pywikibot\pywikibot\data\api.py", line 1618, in _http_request
    data = http.request(
  File "E:\Python\Projects\pywikibot\pywikibot\tools\__init__.py", line 1450, in wrapper
    return obj(*__args, **__kw)
  File "E:\Python\Projects\pywikibot\pywikibot\comms\http.py", line 262, in request
    r = fetch(baseuri, method, params, body, headers, **kwargs)
  File "E:\Python\Projects\pywikibot\pywikibot\tools\__init__.py", line 1450, in wrapper
    return obj(*__args, **__kw)
  File "E:\Python\Projects\pywikibot\pywikibot\comms\http.py", line 499, in fetch
    request.data = e
  File "E:\Python\Projects\pywikibot\pywikibot\comms\threadedhttp.py", line 71, in data
    callback(self)
  File "E:\Python\Projects\pywikibot\pywikibot\comms\http.py", line 343, in error_handling_callback
    raise FatalServerError(str(request.data))
pywikibot.exceptions.FatalServerError: HTTPSConnectionPool(host='nonsa.pl', port=443): Max retries exceeded with url: /api.php?action=query&meta=siteinfo%7Cuserinfo&siprop=namespaces%7Cnamespacealiases%7Cgeneral&continue=&uiprop=blockinfo%7Chasmsg&maxlag=5&format=json (Caused by SSLError(SSLCertVerificationError(1, '[SSL: CERTIFICATE_VERIFY_FAILED] certificate verify failed: unable to get local issuer certificate (_ssl.c:1122)')))

[2020-11-09]  11:31:23    pywiki    CRITICAL  Exiting due to uncaught exception <class 'TypeError'>
[2020-11-09]  11:31:37    pywiki    CRITICAL  Exiting due to uncaught exception <class 'AttributeError'>
[2020-11-09]  11:33:21    pywiki    CRITICAL  Exiting due to uncaught exception <class 'AttributeError'>
[2020-11-09]  11:34:20    pywiki    CRITICAL  Exiting due to uncaught exception <class 'AttributeError'>
[2020-11-09]  11:34:46    pywiki    CRITICAL  Exiting due to uncaught exception <class 'AttributeError'>
[2020-11-09]  11:39:44    pywiki    CRITICAL  Exiting due to uncaught exception <class 'AssertionError'>
[2020-11-09]  11:40:08    pywiki    CRITICAL  Exiting due to uncaught exception <class 'AssertionError'>
[2020-11-09]  11:49:00    pywiki    CRITICAL  Exiting due to uncaught exception <class 'TypeError'>
[2020-11-09]  13:04:32    pywiki    CRITICAL  Exiting due to uncaught exception <class 'AttributeError'>
[2020-11-09]  13:04:54    pywiki    CRITICAL  Exiting due to uncaught exception <class 'AttributeError'>
[2020-11-09]  13:05:09    pywiki    CRITICAL  Exiting due to uncaught exception <class 'AttributeError'>
[2020-11-09]  13:06:05    pywiki    CRITICAL  Exiting due to uncaught exception <class 'AttributeError'>
[2020-11-09]  13:29:04    pywiki    CRITICAL  Exiting due to uncaught exception <class 'KeyError'>
[2020-11-09]  13:29:42    pywiki    CRITICAL  Exiting due to uncaught exception <class 'AssertionError'>
[2020-11-09]  13:35:26    pywiki    CRITICAL  Exiting due to uncaught exception <class 'NameError'>
[2020-11-09]  13:36:10    geolocbot INFO      Entry frame for 'abc' not found
[2020-11-09]  13:36:10    pywiki    CRITICAL  Exiting due to uncaught exception <class 'AttributeError'>
[2020-11-09]  13:36:46    geolocbot INFO      Entry frame for 'abc' not found
[2020-11-09]  13:36:46    pywiki    CRITICAL  Exiting due to uncaught exception <class 'AttributeError'>
[2020-11-09]  13:37:51    geolocbot INFO      Entry frame for 'abc' not found
[2020-11-09]  13:37:51    pywiki    CRITICAL  Exiting due to uncaught exception <class 'AttributeError'>
[2020-11-09]  13:41:56    geolocbot INFO      Entry frame for 'abc' not found
[2020-11-09]  13:42:11    geolocbot INFO      Entry frame for 'abc' not found
[2020-11-09]  13:42:11    pywiki    CRITICAL  Exiting due to uncaught exception <class 'AttributeError'>
[2020-11-09]  13:42:32    geolocbot INFO      Entry frame for 'abc' not found
[2020-11-09]  13:42:32    pywiki    CRITICAL  Exiting due to uncaught exception <class 'AttributeError'>
[2020-11-09]  13:43:12    geolocbot INFO      Entry frame for 'abc' not found
[2020-11-09]  13:46:07    geolocbot INFO      Entry frame for 'abc' not found.
[2020-11-09]  13:46:36    geolocbot INFO      Entry frame for 'Strzebiń' not found.
[2020-11-09]  13:48:30    geolocbot INFO           WOJ POW  GMI  ...     NAZWA                             NAZWA_DOD     STAN_NA
2045  14  65  NaN  ...  Warszawa  miasto stołeczne, na prawach powiatu  2020-01-01
2046  14  65   01  ...  Warszawa       gmina miejska, miasto stołeczne  2020-01-01

[2 rows x 7 columns]
[2020-11-09]  13:58:05    geolocbot INFO           WOJ POW  GMI  ...     NAZWA                             NAZWA_DOD     STAN_NA
2045  14  65  NaN  ...  Warszawa  miasto stołeczne, na prawach powiatu  2020-01-01
2046  14  65   01  ...  Warszawa       gmina miejska, miasto stołeczne  2020-01-01

[2 rows x 7 columns]
[2020-11-09]  14:04:49    geolocbot INFO           WOJ POW  GMI  ...     NAZWA                             NAZWA_DOD     STAN_NA
2045  14  65  NaN  ...  Warszawa  miasto stołeczne, na prawach powiatu  2020-01-01
2046  14  65   01  ...  Warszawa       gmina miejska, miasto stołeczne  2020-01-01

[2 rows x 7 columns]
[2020-11-09]  14:05:00    pywiki    CRITICAL  Exiting due to uncaught exception <class 'AttributeError'>
[2020-11-09]  14:10:51    pywiki    CRITICAL  Exiting due to uncaught exception <class 'AttributeError'>
[2020-11-09]  14:13:43    pywiki    CRITICAL  Exiting due to uncaught exception <class 'AttributeError'>
[2020-11-09]  14:13:51    pywiki    CRITICAL  Exiting due to uncaught exception <class 'ValueError'>
[2020-11-09]  14:17:18    pywiki    CRITICAL  Exiting due to uncaught exception <class 'ValueError'>
[2020-11-09]  14:25:08    pywiki    CRITICAL  Exiting due to uncaught exception <class 'AttributeError'>
[2020-11-09]  14:27:09    geolocbot INFO      [0       False
1       False
2       False
3       False
4       False
        ...  
4189    False
4190    False
4191    False
4192    False
4193    False
Name: NAZWA_DOD, Length: 4194, dtype: bool]
[2020-11-09]  14:27:09    geolocbot INFO           WOJ POW  GMI  ...     NAZWA                             NAZWA_DOD     STAN_NA
2045  14  65  NaN  ...  Warszawa  miasto stołeczne, na prawach powiatu  2020-01-01
2046  14  65   01  ...  Warszawa       gmina miejska, miasto stołeczne  2020-01-01

[2 rows x 7 columns]
[2020-11-09]  14:30:37    geolocbot INFO           WOJ POW  GMI  ...     NAZWA                             NAZWA_DOD     STAN_NA
2045  14  65  NaN  ...  Warszawa  miasto stołeczne, na prawach powiatu  2020-01-01
2046  14  65   01  ...  Warszawa       gmina miejska, miasto stołeczne  2020-01-01

[2 rows x 7 columns]
[2020-11-09]  14:30:52    geolocbot INFO           WOJ POW  GMI  ...     NAZWA                             NAZWA_DOD     STAN_NA
2045  14  65  NaN  ...  Warszawa  miasto stołeczne, na prawach powiatu  2020-01-01
2046  14  65   01  ...  Warszawa       gmina miejska, miasto stołeczne  2020-01-01

[2 rows x 7 columns]
[2020-11-09]  14:31:03    geolocbot INFO           WOJ POW  GMI  ...     NAZWA                             NAZWA_DOD     STAN_NA
2045  14  65  NaN  ...  Warszawa  miasto stołeczne, na prawach powiatu  2020-01-01
2046  14  65   01  ...  Warszawa       gmina miejska, miasto stołeczne  2020-01-01

[2 rows x 7 columns]
[2020-11-09]  14:31:21    geolocbot INFO           WOJ POW  GMI  ...     NAZWA                             NAZWA_DOD     STAN_NA
2045  14  65  NaN  ...  Warszawa  miasto stołeczne, na prawach powiatu  2020-01-01

[1 rows x 7 columns]
[2020-11-09]  14:34:06    geolocbot INFO           WOJ POW  GMI  ...     NAZWA                             NAZWA_DOD     STAN_NA
2045  14  65  NaN  ...  Warszawa  miasto stołeczne, na prawach powiatu  2020-01-01
2046  14  65   01  ...  Warszawa       gmina miejska, miasto stołeczne  2020-01-01

[2 rows x 7 columns]
[2020-11-09]  14:58:26    pywiki    CRITICAL  Exiting due to uncaught exception <class 'TypeError'>
[2020-11-09]  15:01:47    pywiki    CRITICAL  Exiting due to uncaught exception <class 'TypeError'>
[2020-11-09]  15:02:42    geolocbot INFO           WOJ POW  GMI  ...     NAZWA                             NAZWA_DOD     STAN_NA
2045  14  65  NaN  ...  Warszawa  miasto stołeczne, na prawach powiatu  2020-01-01
2046  14  65   01  ...  Warszawa       gmina miejska, miasto stołeczne  2020-01-01

[2 rows x 7 columns]
[2020-11-09]  15:03:47    pywiki    CRITICAL  Exiting due to uncaught exception <class 'TypeError'>
[2020-11-09]  15:04:17    pywiki    CRITICAL  Exiting due to uncaught exception <class 'TypeError'>
[2020-11-09]  15:09:49    pywiki    CRITICAL  Exiting due to uncaught exception <class 'KeyError'>
[2020-11-09]  15:41:09    pywiki    CRITICAL  Exiting due to uncaught exception <class 'ValueError'>
[2020-11-09]  15:41:43    pywiki    CRITICAL  Exiting due to uncaught exception <class 'ValueError'>
[2020-11-09]  15:41:48    pywiki    CRITICAL  Exiting due to uncaught exception <class 'ValueError'>
[2020-11-09]  15:42:06    pywiki    CRITICAL  Exiting due to uncaught exception <class 'ValueError'>
[2020-11-09]  15:43:13    pywiki    CRITICAL  Exiting due to uncaught exception <class 'KeyError'>
[2020-11-09]  15:43:57    pywiki    CRITICAL  Exiting due to uncaught exception <class 'KeyError'>
[2020-11-09]  15:44:22    pywiki    CRITICAL  Exiting due to uncaught exception <class 'KeyError'>
[2020-11-09]  15:46:37    pywiki    CRITICAL  Exiting due to uncaught exception <class 'KeyError'>
[2020-11-09]  15:47:03    pywiki    CRITICAL  Exiting due to uncaught exception <class 'ValueError'>
[2020-11-09]  15:47:18    geolocbot INFO           WOJ POW  GMI  ...     NAZWA                             NAZWA_DOD     STAN_NA
2045  14  65  NaN  ...  Warszawa  miasto stołeczne, na prawach powiatu  2020-01-01
2046  14  65   01  ...  Warszawa       gmina miejska, miasto stołeczne  2020-01-01

[2 rows x 7 columns]
[2020-11-09]  15:47:39    geolocbot INFO      Result:      WOJ POW  GMI  ...     NAZWA                             NAZWA_DOD     STAN_NA
2045  14  65  NaN  ...  Warszawa  miasto stołeczne, na prawach powiatu  2020-01-01
2046  14  65   01  ...  Warszawa       gmina miejska, miasto stołeczne  2020-01-01

[2 rows x 7 columns]
[2020-11-09]  15:47:49    geolocbot INFO      Result:
     WOJ POW  GMI  ...     NAZWA                             NAZWA_DOD     STAN_NA
2045  14  65  NaN  ...  Warszawa  miasto stołeczne, na prawach powiatu  2020-01-01
2046  14  65   01  ...  Warszawa       gmina miejska, miasto stołeczne  2020-01-01

[2 rows x 7 columns]
[2020-11-09]  15:48:10    geolocbot INFO      Results for 'Warszawa':
     WOJ POW  GMI  ...     NAZWA                             NAZWA_DOD     STAN_NA
2045  14  65  NaN  ...  Warszawa  miasto stołeczne, na prawach powiatu  2020-01-01
2046  14  65   01  ...  Warszawa       gmina miejska, miasto stołeczne  2020-01-01

[2 rows x 7 columns]
[2020-11-09]  15:48:55    pywiki    CRITICAL  Exiting due to uncaught exception <class 'AssertionError'>
[2020-11-09]  15:53:12    pywiki    CRITICAL  Exiting due to uncaught exception <class 'AssertionError'>
[2020-11-09]  15:53:23    pywiki    CRITICAL  Exiting due to uncaught exception <class 'AssertionError'>
[2020-11-09]  15:54:10    pywiki    CRITICAL  Exiting due to uncaught exception <class 'AssertionError'>
[2020-11-09]  15:55:00    geolocbot INFO      Results for 'Warszawa':
     WOJ POW  GMI  ...     NAZWA                             NAZWA_DOD     STAN_NA
2045  14  65  NaN  ...  Warszawa  miasto stołeczne, na prawach powiatu  2020-01-01
2046  14  65   01  ...  Warszawa       gmina miejska, miasto stołeczne  2020-01-01

[2 rows x 7 columns]
[2020-11-09]  15:55:14    geolocbot INFO      Results for 'Warszawa':
     WOJ POW  GMI  ...     NAZWA                             NAZWA_DOD     STAN_NA
2045  14  65  NaN  ...  Warszawa  miasto stołeczne, na prawach powiatu  2020-01-01

[1 rows x 7 columns]
[2020-11-09]  15:55:37    geolocbot INFO      Result(s) for 'Warszawa':
     WOJ POW  GMI  ...     NAZWA                             NAZWA_DOD     STAN_NA
2045  14  65  NaN  ...  Warszawa  miasto stołeczne, na prawach powiatu  2020-01-01

[1 rows x 7 columns]
[2020-11-09]  15:55:42    geolocbot INFO      Result(s) for 'Warszawa':
     WOJ POW  GMI  ...     NAZWA                             NAZWA_DOD     STAN_NA
2045  14  65  NaN  ...  Warszawa  miasto stołeczne, na prawach powiatu  2020-01-01

[1 rows x 7 columns]
[2020-11-09]  15:55:48    geolocbot INFO      Result(s) for 'Warszawa':
     WOJ POW  GMI  ...     NAZWA                             NAZWA_DOD     STAN_NA
2045  14  65  NaN  ...  Warszawa  miasto stołeczne, na prawach powiatu  2020-01-01

[1 rows x 7 columns]
[2020-11-09]  15:55:53    geolocbot INFO      Result(s) for 'Warszawa':
     WOJ POW  GMI  ...     NAZWA                             NAZWA_DOD     STAN_NA
2045  14  65  NaN  ...  Warszawa  miasto stołeczne, na prawach powiatu  2020-01-01

[1 rows x 7 columns]
[2020-11-09]  15:55:58    geolocbot INFO      Result(s) for 'Warszawa':
     WOJ POW  GMI  ...     NAZWA                             NAZWA_DOD     STAN_NA
2045  14  65  NaN  ...  Warszawa  miasto stołeczne, na prawach powiatu  2020-01-01

[1 rows x 7 columns]
[2020-11-09]  15:56:02    geolocbot INFO      Result(s) for 'Warszawa':
     WOJ POW  GMI  ...     NAZWA                             NAZWA_DOD     STAN_NA
2045  14  65  NaN  ...  Warszawa  miasto stołeczne, na prawach powiatu  2020-01-01

[1 rows x 7 columns]
[2020-11-09]  15:56:03    pywiki    CRITICAL  Exiting due to uncaught exception <class 'AttributeError'>
[2020-11-10]  08:00:33    pywiki    CRITICAL  Exiting due to uncaught exception <class 'TypeError'>
[2020-11-10]  08:01:09    pywiki    CRITICAL  Exiting due to uncaught exception <class 'TypeError'>
[2020-11-10]  08:01:29    geolocbot INFO      Entry frame for 'acd' not found.
[2020-11-10]  08:04:16    geolocbot INFO      TERC entry frame for 'acd' not found.
[2020-11-10]  08:05:10    geolocbot INFO      TERC entry frame for 'acd' not found.
[2020-11-10]  08:20:21    geolocbot INFO      TERC entry frame for 'acd' not found.
[2020-11-10]  08:20:55    geolocbot INFO      TERC entry frame for 'acd' not found.
[2020-11-10]  08:21:16    geolocbot INFO      TERC entry frame for '<untitled key>' not found.
[2020-11-10]  08:22:27    geolocbot INFO      TERC entry frame for <class 'scripts.userscripts.geolocbot.geolocbot.filtering.Terc.locate.<locals>.UntitledKey'> not found.
[2020-11-10]  08:23:25    geolocbot INFO      TERC entry frame for <class 'scripts.userscripts.geolocbot.geolocbot.filtering.Terc.locate.<locals>.UntitledKey'> not found.
[2020-11-10]  08:24:31    geolocbot INFO      TERC entry frame for <class 'scripts.userscripts.geolocbot.geolocbot.filtering.Terc.locate.<locals>.UntitledKey'> not found.
[2020-11-10]  08:24:59    geolocbot INFO      TERC entry frame for <class 'scripts.userscripts.geolocbot.geolocbot.filtering.Terc.locate.<locals>.UntitledKey'> not found.
[2020-11-10]  08:25:34    geolocbot INFO      TERC entry frame for <class 'scripts.userscripts.geolocbot.geolocbot.filtering.UntitledKey'> not found.
[2020-11-10]  08:26:30    geolocbot INFO      TERC entry frame for <class 'scripts.userscripts.geolocbot.geolocbot.filtering.UntitledKey'> not found.
[2020-11-10]  08:26:52    geolocbot INFO      TERC entry frame for <class 'scripts.userscripts.geolocbot.geolocbot.filtering.UntitledKey'> not found.
[2020-11-10]  08:26:58    geolocbot INFO      TERC entry frame for <class 'scripts.userscripts.geolocbot.geolocbot.filtering.UntitledKey'> not found.
[2020-11-10]  08:28:20    geolocbot INFO      TERC entry frame for <class 'scripts.userscripts.geolocbot.geolocbot.filtering.UntitledKey'> not found.
[2020-11-10]  08:28:32    pywiki    CRITICAL  Exiting due to uncaught exception <class 'TypeError'>
[2020-11-10]  08:29:16    geolocbot INFO      TERC entry frame for <untitled key> not found.
[2020-11-10]  08:30:19    geolocbot INFO      TERC entry frame for <untitled key ({})> not found.
[2020-11-10]  08:32:30    geolocbot INFO      TERC entry frame for <untitled key () not found.
[2020-11-10]  08:33:55    geolocbot INFO      TERC entry frame for <untitled key> not found.
[2020-11-10]  08:34:14    geolocbot INFO      TERC entry frame for <untitled key (voivodship='06')> not found.
[2020-11-10]  08:45:29    pywiki    CRITICAL  Exiting due to uncaught exception <class 'AttributeError'>
[2020-11-10]  08:48:21    pywiki    CRITICAL  Exiting due to uncaught exception <class 'KeyError'>
[2020-11-10]  08:48:41    geolocbot INFO      Could not find value '06' in field 'TERC', returning last frame no. 0.
[2020-11-10]  08:48:41    geolocbot INFO      TERC entry frame for <untitled key (voivodship='06')> not found.
[2020-11-10]  08:49:08    geolocbot INFO      Could not find value '06' in field 'TERC', returning last frame no. 0.
[2020-11-10]  08:49:08    geolocbot INFO      TERC entry frame for <untitled key (voivodship='06')> not found.
[2020-11-10]  08:49:42    geolocbot INFO      Could not find value '06' in the TERC field, returning last frame no. 0.
[2020-11-10]  08:49:42    geolocbot INFO      TERC entry frame for <untitled key (voivodship='06')> not found.
[2020-11-10]  08:49:59    geolocbot INFO      Could not find value '01' in the TERC field, returning last frame no. 0.
[2020-11-10]  08:49:59    geolocbot INFO      TERC entry frame for <untitled key (voivodship='01')> not found.
[2020-11-10]  08:51:20    geolocbot INFO      Could not find value '01' in the TERC field, returning last frame no. 0.
[2020-11-10]  08:51:20    geolocbot INFO      TERC entry frame for <untitled key (voivodship='01')> not found.
[2020-11-10]  08:51:41    geolocbot INFO      Could not find value '01' in the TERC field, returning last frame no. 0.
[2020-11-10]  08:51:41    geolocbot INFO      TERC entry frame for <untitled key (voivodship='01')> not found.
[2020-11-10]  08:53:10    geolocbot INFO      Could not find value '01' in the TERC field, returning last frame no. 0…
[2020-11-10]  08:53:10    geolocbot INFO      TERC entry frame for <untitled key (voivodship='01')> not found.
[2020-11-10]  08:54:51    geolocbot INFO      Could not find value '01' in the TERC field (column 'WOJ'), returning last frame no. 0…
[2020-11-10]  08:54:51    geolocbot INFO      TERC entry frame for <untitled key (voivodship='01')> not found.
[2020-11-10]  08:55:20    pywiki    CRITICAL  Exiting due to uncaught exception <class 'AssertionError'>
[2020-11-10]  08:56:01    pywiki    CRITICAL  Exiting due to uncaught exception <class 'AssertionError'>
[2020-11-10]  08:56:32    pywiki    CRITICAL  Exiting due to uncaught exception <class 'AssertionError'>
[2020-11-10]  08:57:04    pywiki    CRITICAL  Exiting due to uncaught exception <class 'AssertionError'>
[2020-11-10]  08:57:27    pywiki    CRITICAL  Exiting due to uncaught exception <class 'AssertionError'>
[2020-11-10]  08:58:17    pywiki    CRITICAL  Exiting due to uncaught exception <class 'AssertionError'>
[2020-11-10]  08:59:03    pywiki    CRITICAL  Exiting due to uncaught exception <class 'AssertionError'>
[2020-11-10]  08:59:55    geolocbot INFO      Could not find value '01' in the TERC field (column 'WOJ'), returning last frame no. 0…
[2020-11-10]  08:59:55    geolocbot INFO      TERC entry frame for <untitled key (voivodship='01')> not found.
[2020-11-10]  09:02:56    geolocbot INFO      Could not find value '01' in the TERC field (column 'WOJ'), returning last frame no. 0…
[2020-11-10]  09:02:56    geolocbot INFO      TERC entry frame for <untitled key (voivodship='01')> not found.
[2020-11-10]  09:05:55    geolocbot INFO      Could not find value '01' in the TERC field (column 'WOJ'), returning last frame no. 0…
[2020-11-10]  09:05:55    geolocbot INFO      TERC entry frame for <untitled key (voivodship='01')> not found.
[2020-11-10]  09:08:32    geolocbot INFO      Could not find value '01' in the TERC field (column 'WOJ'), returning last frame no. 0…
[2020-11-10]  09:08:32    geolocbot INFO      TERC entry frame for <untitled key (voivodship='01')> not found.
[2020-11-10]  09:13:06    geolocbot INFO      Could not find value '01' in the TERC field (column 'WOJ'), returning last frame no. 0…
[2020-11-10]  09:13:06    geolocbot INFO      TERC entry frame for <untitled key (voivodship='01')> not found.
[2020-11-10]  09:21:44    geolocbot INFO      Could not find value '01' in the TERC field (column 'WOJ' parsed from 'voivodship'), returning last frame no. 0…
[2020-11-10]  09:21:44    geolocbot INFO      TERC entry frame for <untitled key (voivodship='01')> not found.
[2020-11-10]  09:22:09    geolocbot INFO      Could not find value '01' in the TERC field (column 'WOJ', parsed from 'voivodship'), returning last frame no. 0…
[2020-11-10]  09:22:09    geolocbot INFO      TERC entry frame for <untitled key (voivodship='01')> not found.
[2020-11-10]  09:22:34    geolocbot INFO      TERC entry frame for 'ha' not found.
[2020-11-10]  09:22:47    geolocbot INFO      TERC entry frame for 'Strzebiń' not found.
[2020-11-10]  09:22:58    geolocbot INFO      Could not find value '01' in the TERC field (column 'WOJ', parsed from 'voivodship'), returning last frame no. 1…
[2020-11-10]  09:22:58    geolocbot INFO      Result(s) for 'Warszawa':
     WOJ POW  GMI  ...     NAZWA                             NAZWA_DOD     STAN_NA
2045  14  65  NaN  ...  Warszawa  miasto stołeczne, na prawach powiatu  2020-01-01
2046  14  65   01  ...  Warszawa       gmina miejska, miasto stołeczne  2020-01-01

[2 rows x 7 columns]
[2020-11-10]  09:23:24    geolocbot INFO      Could not find value '01' in the TERC field (column 'WOJ', parsed from 'voivodship'), returning last frame no. 1…
[2020-11-10]  09:23:24    geolocbot INFO      Result(s) for 'Warszawa':
     WOJ POW  GMI  ...     NAZWA                             NAZWA_DOD     STAN_NA
2045  14  65  NaN  ...  Warszawa  miasto stołeczne, na prawach powiatu  2020-01-01
2046  14  65   01  ...  Warszawa       gmina miejska, miasto stołeczne  2020-01-01

[2 rows x 7 columns]
[2020-11-10]  09:27:00    geolocbot INFO      Could not find value '01' in the TERC field (column 'WOJ', parsed from 'voivodship'), returning last frame no. 1…
[2020-11-10]  09:27:00    geolocbot INFO      Result(s) for 'Warszawa':
     WOJ POW  GMI  ...     NAZWA                             NAZWA_DOD     STAN_NA
2045  14  65  NaN  ...  Warszawa  miasto stołeczne, na prawach powiatu  2020-01-01
2046  14  65   01  ...  Warszawa       gmina miejska, miasto stołeczne  2020-01-01

[2 rows x 7 columns]
[2020-11-10]  09:49:16    geolocbot INFO      Could not find value '01' in the TERC field (column 'WOJ', parsed from 'voivodship'), returning last frame no. 1…
[2020-11-10]  09:49:16    geolocbot INFO      Result(s) for 'Warszawa':
     WOJ POW  GMI  ...     NAZWA                             NAZWA_DOD     STAN_NA
2045  14  65  NaN  ...  Warszawa  miasto stołeczne, na prawach powiatu  2020-01-01
2046  14  65   01  ...  Warszawa       gmina miejska, miasto stołeczne  2020-01-01

[2 rows x 7 columns]
[2020-11-10]  09:49:53    geolocbot INFO      Result(s) for 'Warszawa':
     WOJ POW GMI RODZ     NAZWA                        NAZWA_DOD     STAN_NA
2046  14  65  01    1  Warszawa  gmina miejska, miasto stołeczne  2020-01-01
[2020-11-10]  09:50:08    geolocbot INFO      Could not find value '01' in the TERC field (column 'GMI', parsed from 'gmina'), returning last frame no. 0…
[2020-11-10]  09:50:08    geolocbot INFO      TERC entry frame for <untitled key (gmina='01')> not found.
[2020-11-10]  09:50:49    pywiki    CRITICAL  Exiting due to uncaught exception <class 'KeyError'>
[2020-11-10]  09:52:34    geolocbot INFO      TERC entry frame for 'A' not found.
[2020-11-10]  09:54:44    geolocbot INFO      TERC entry frame for 'A' not found.
[2020-11-10]  09:55:31    geolocbot INFO      TERC entry frame for 'A' not found.
[2020-11-10]  09:55:55    pywiki    CRITICAL  Exiting due to uncaught exception <class 'KeyError'>
[2020-11-10]  09:56:07    geolocbot INFO      No string in the TERC field (column 'NAZWA', parsed from 'name') contains substring 'A', returning last frame no. 0…
[2020-11-10]  09:56:07    geolocbot INFO      TERC entry frame for 'A' not found.
[2020-11-10]  09:56:27    geolocbot INFO      No string in the TERC field (column 'NAZWA', parsed from 'name') contains substring 'W', returning last frame no. 0…
[2020-11-10]  09:56:27    geolocbot INFO      TERC entry frame for 'W' not found.
[2020-11-10]  09:57:56    pywiki    CRITICAL  Exiting due to uncaught exception <class 'AssertionError'>
[2020-11-10]  09:58:36    geolocbot INFO      No string in the TERC field (column 'NAZWA', parsed from 'name') contains substring 'W', returning last frame no. 0…
[2020-11-10]  09:58:36    pywiki    CRITICAL  Exiting due to uncaught exception <class 'ValueError'>
[2020-11-10]  09:59:18    geolocbot INFO      No string in the TERC field (column 'NAZWA', parsed from 'name') contains substring 'W', returning last frame no. 0…
[2020-11-10]  09:59:18    pywiki    CRITICAL  Exiting due to uncaught exception <class 'TypeError'>
[2020-11-10]  09:59:56    geolocbot INFO      No string in the TERC field (column 'NAZWA', parsed from 'name') contains substring 'W', returning last frame no. 0…
[2020-11-10]  09:59:56    pywiki    CRITICAL  Exiting due to uncaught exception <class 'ValueError'>
[2020-11-10]  10:01:02    geolocbot INFO      No string in the TERC field (column 'NAZWA', parsed from 'name') contains substring 'W', returning last frame no. 0…
[2020-11-10]  10:01:02    pywiki    CRITICAL  Exiting due to uncaught exception <class 'ValueError'>
[2020-11-10]  10:03:12    geolocbot INFO      No string in the TERC field (column 'NAZWA', parsed from 'name') contains substring 'W', returning last frame no. 0…
[2020-11-10]  10:03:12    geolocbot INFO      TERC entry frame for 'W' not found.
[2020-11-10]  10:03:41    geolocbot INFO      No string in the TERC field (column 'NAZWA', parsed from 'name') contains substring 'W', returning last frame no. 0…
[2020-11-10]  10:03:42    pywiki    CRITICAL  Exiting due to uncaught exception <class 'ValueError'>
[2020-11-10]  10:05:55    geolocbot INFO      No string in the TERC field (column 'NAZWA', parsed from 'name') contains substring 'W', returning last frame no. 0…
[2020-11-10]  10:05:55    geolocbot INFO      TERC entry frame for 'W' not found.
[2020-11-10]  10:06:44    geolocbot INFO      No string in the TERC field (column 'NAZWA', parsed from 'name') contains substring 'W', returning last frame no. 0…
[2020-11-10]  10:06:44    geolocbot INFO      TERC entry frame for 'W' not found.
[2020-11-10]  10:06:58    geolocbot INFO      No string in the TERC field (column 'NAZWA', parsed from 'name') contains substring 'W', returning last frame no. 0…
[2020-11-10]  10:06:58    geolocbot INFO      TERC entry frame for 'W' not found.
[2020-11-10]  10:07:25    pywiki    CRITICAL  Exiting due to uncaught exception <class 'UnboundLocalError'>
[2020-11-10]  10:07:30    geolocbot INFO      No string in the TERC field (column 'NAZWA', parsed from 'name') contains substring 'W', returning last frame no. 0…
[2020-11-10]  10:07:30    geolocbot INFO      TERC entry frame for 'W' not found.
[2020-11-10]  10:07:57    geolocbot INFO      No string in the TERC field (column 'NAZWA', parsed from 'name') contains substring 'W', returning last frame no. 0…
[2020-11-10]  10:07:57    geolocbot INFO      TERC entry frame for 'W' not found.
[2020-11-10]  10:08:12    geolocbot INFO      No string in the TERC field (column 'NAZWA', parsed from 'name') contains substring 'W', returning last frame no. 0…
[2020-11-10]  10:08:12    geolocbot INFO      TERC entry frame for 'W' not found.
[2020-11-10]  10:17:23    geolocbot INFO      No string in the TERC field (column 'NAZWA', parsed from 'name') contains substring 'W', returning last frame no. 0…
[2020-11-10]  10:17:23    geolocbot INFO      TERC entry frame for 'W' not found.
[2020-11-10]  10:17:43    geolocbot INFO      Could not find value 'W' in the TERC field (column 'NAZWA', parsed from 'name'), returning last frame no. 0…
[2020-11-10]  10:17:43    geolocbot INFO      TERC entry frame for 'W' not found.
[2020-11-10]  10:20:28    geolocbot INFO      Could not find value 'W' in the TERC field (column: 'NAZWA', parsed from: 'name'), returning last frame no. 0…
[2020-11-10]  10:20:28    geolocbot INFO      TERC entry frame for 'W' not found.
[2020-11-10]  10:21:39    pywiki    CRITICAL  Exiting due to uncaught exception <class 'ValueError'>
[2020-11-10]  10:24:03    pywiki    CRITICAL  Exiting due to uncaught exception <class 'ValueError'>
[2020-11-10]  10:24:57    pywiki    CRITICAL  Exiting due to uncaught exception <class 'ValueError'>
[2020-11-10]  10:30:24    pywiki    CRITICAL  Exiting due to uncaught exception <class 'ValueError'>
[2020-11-10]  10:31:01    pywiki    CRITICAL  Exiting due to uncaught exception <class 'ValueError'>
[2020-11-10]  10:32:07    geolocbot INFO      Could not find value 'W' in the TERC field (column: 'NAZWA', parsed from: 'name'), returning last frame no. 0…
[2020-11-10]  10:32:07    geolocbot INFO      TERC entry frame for 'W' not found.
[2020-11-10]  10:32:18    geolocbot INFO      Could not find value 'Warsza' in the TERC field (column: 'NAZWA', parsed from: 'name'), returning last frame no. 0…
[2020-11-10]  10:32:18    geolocbot INFO      TERC entry frame for 'Warsza' not found.
[2020-11-10]  10:32:33    geolocbot INFO      No string in the TERC field (column: 'NAZWA', parsed from: 'name') contains substring 'Warsza', returning last frame no. 0…
[2020-11-10]  10:32:33    geolocbot INFO      TERC entry frame for 'Warsza' not found.
[2020-11-10]  10:32:47    geolocbot INFO      Could not find value 'Warsza' in the TERC field (column: 'NAZWA', parsed from: 'name'), returning last frame no. 0…
[2020-11-10]  10:32:47    geolocbot INFO      TERC entry frame for 'Warsza' not found.
[2020-11-10]  10:35:53    geolocbot INFO      No string in the Warsza field (column: 'TERC', parsed from: 'NAZWA') starts with substring 'name', returning last frame no. 0…
[2020-11-10]  10:35:53    geolocbot INFO      TERC entry frame for 'Warsza' not found.
[2020-11-10]  10:37:04    geolocbot INFO      No string in the TERC field (column: 'NAZWA', parsed from: 'name') starts with substring 'Warsza', returning last frame no. 0…
[2020-11-10]  10:37:04    geolocbot INFO      TERC entry frame for 'Warsza' not found.
[2020-11-10]  10:37:37    geolocbot INFO      No string in the TERC field (column: 'NAZWA', parsed from: 'name') starts with substring 'Warsza', returning last frame no. 0…
[2020-11-10]  10:37:37    geolocbot INFO      TERC entry frame for 'Warsza' not found.
[2020-11-10]  10:37:53    geolocbot INFO      No string in the TERC field (column: 'NAZWA', parsed from: 'name') starts with substring 'Warszawa', returning last frame no. 0…
[2020-11-10]  10:37:53    geolocbot INFO      TERC entry frame for 'Warszawa' not found.
[2020-11-10]  10:38:10    geolocbot INFO      Result(s) for 'Warszawa':
     WOJ POW  GMI  ...     NAZWA                             NAZWA_DOD     STAN_NA
2045  14  65  NaN  ...  Warszawa  miasto stołeczne, na prawach powiatu  2020-01-01
2046  14  65   01  ...  Warszawa       gmina miejska, miasto stołeczne  2020-01-01

[2 rows x 7 columns]
[2020-11-10]  10:38:27    geolocbot INFO      Could not find value '14' in the TERC field (column: 'WOJ', parsed from: 'voivodship'), returning last frame no. 0…
[2020-11-10]  10:38:27    geolocbot INFO      TERC entry frame for <untitled key (voivodship='14')> not found.
[2020-11-10]  10:39:25    geolocbot INFO      Could not find value '14' in the TERC field (column: 'WOJ', parsed from: 'voivodship'), returning last frame no. 0…
[2020-11-10]  10:39:25    geolocbot INFO      TERC entry frame for <untitled key (voivodship='14')> not found.
[2020-11-10]  10:39:56    geolocbot INFO      Could not find value '14' in the TERC field (column: 'WOJ', parsed from: 'voivodship'), returning last frame no. 0…
[2020-11-10]  10:39:56    geolocbot INFO      TERC entry frame for <untitled key (voivodship='14')> not found.
[2020-11-10]  10:40:18    geolocbot INFO      Could not find value '14' in the TERC field (column: 'WOJ', parsed from: 'voivodship'), returning last frame no. 0…
[2020-11-10]  10:40:18    geolocbot INFO      TERC entry frame for <untitled key (voivodship='14')> not found.
[2020-11-10]  10:41:44    geolocbot INFO      Could not find value '14' in the TERC field (column: 'WOJ', parsed from: 'voivodship'), returning last frame no. 0…
[2020-11-10]  10:41:44    geolocbot INFO      TERC entry frame for <untitled key (voivodship='14')> not found.
[2020-11-10]  10:42:02    geolocbot INFO      Could not find value '14' in the TERC field (column: 'WOJ', parsed from: 'voivodship'), returning last frame no. 0…
[2020-11-10]  10:42:02    geolocbot INFO      TERC entry frame for <untitled key (voivodship='14')> not found.
[2020-11-10]  10:43:47    geolocbot INFO      Could not find value '14' in the TERC field (column: 'WOJ', parsed from: 'voivodship'), returning last frame no. 0…
[2020-11-10]  10:43:47    geolocbot INFO      TERC entry frame for <untitled key (voivodship='14')> not found.
[2020-11-10]  10:44:11    geolocbot INFO      No string in the TERC field (column: 'NAZWA', parsed from: 'name') contains substring 'w', returning last frame no. 0…
[2020-11-10]  10:44:11    geolocbot INFO      TERC entry frame for 'w' not found.
[2020-11-10]  10:44:20    pywiki    CRITICAL  Exiting due to uncaught exception <class 'AssertionError'>
[2020-11-10]  10:45:25    geolocbot INFO      No string in the TERC field (column: 'NAZWA', parsed from: 'name') contains substring 'w', returning last frame no. 0…
[2020-11-10]  10:45:25    geolocbot INFO      TERC entry frame for 'w' not found.
[2020-11-10]  10:45:35    pywiki    CRITICAL  Exiting due to uncaught exception <class 'AssertionError'>
[2020-11-10]  10:48:03    geolocbot INFO      No string in the TERC field (column: 'NAZWA', parsed from: 'name') contains substring 'w', returning last frame no. 0…
[2020-11-10]  10:48:03    geolocbot INFO      TERC entry frame for 'w' not found.
[2020-11-10]  10:50:48    pywiki    CRITICAL  Exiting due to uncaught exception <class 'KeyError'>
[2020-11-10]  10:52:52    pywiki    CRITICAL  Exiting due to uncaught exception <class 'KeyError'>
[2020-11-10]  10:53:00    pywiki    CRITICAL  Exiting due to uncaught exception <class 'KeyError'>
[2020-11-10]  11:00:16    pywiki    CRITICAL  Exiting due to uncaught exception <class 'KeyError'>
[2020-11-10]  11:03:31    pywiki    CRITICAL  Exiting due to uncaught exception <class 'KeyError'>
[2020-11-10]  11:04:01    pywiki    CRITICAL  Exiting due to uncaught exception <class 'AssertionError'>
[2020-11-10]  11:04:47    geolocbot INFO      Result(s) for 'w':
     WOJ POW  GMI  ...                  NAZWA_DOD     STAN_NA      NAZWA_str
1     02  01  NaN  ...                     powiat  2020-01-01  bolesławiecki
2     02  01   01  ...              gmina miejska  2020-01-01    Bolesławiec
3     02  01   02  ...              gmina wiejska  2020-01-01    Bolesławiec
5     02  01   04  ...      gmina miejsko-wiejska  2020-01-01   Nowogrodziec
6     02  01   04  ...                     miasto  2020-01-01   Nowogrodziec
...   ..  ..  ...  ...                        ...         ...            ...
4168  32  17   03  ...                     miasto  2020-01-01    Mirosławiec
4169  32  17   03  ...             obszar wiejski  2020-01-01    Mirosławiec
4181  32  18   03  ...              gmina wiejska  2020-01-01    Radowo Małe
4192  32  63  NaN  ...  miasto na prawach powiatu  2020-01-01    Świnoujście
4193  32  63   01  ...              gmina miejska  2020-01-01    Świnoujście

[1767 rows x 8 columns]
[2020-11-10]  11:05:07    pywiki    CRITICAL  Exiting due to uncaught exception <class 'AssertionError'>
[2020-11-10]  11:05:16    geolocbot INFO      Result(s) for 'w':
     WOJ POW  GMI  ... NAZWA_DOD     STAN_NA            NAZWA_str
228   02  21  NaN  ...    powiat  2020-01-01           wałbrzyski
241   02  22  NaN  ...    powiat  2020-01-01             wołowski
249   02  23  NaN  ...    powiat  2020-01-01           wrocławski
502   04  17  NaN  ...    powiat  2020-01-01            wąbrzeski
508   04  18  NaN  ...    powiat  2020-01-01           włocławski
810   06  19  NaN  ...    powiat  2020-01-01            włodawski
1000  08  12  NaN  ...    powiat  2020-01-01            wschowski
1214  10  17  NaN  ...    powiat  2020-01-01            wieluński
1227  10  18  NaN  ...    powiat  2020-01-01         wieruszowski
1545  12  18  NaN  ...    powiat  2020-01-01            wadowicki
1562  12  19  NaN  ...    powiat  2020-01-01             wielicki
1954  14  32  NaN  ...    powiat  2020-01-01  warszawski zachodni
1968  14  33  NaN  ...    powiat  2020-01-01            węgrowski
1980  14  34  NaN  ...    powiat  2020-01-01           wołomiński
1999  14  35  NaN  ...    powiat  2020-01-01           wyszkowski
2632  20  13  NaN  ...    powiat  2020-01-01     wysokomazowiecki
2816  22  15  NaN  ...    powiat  2020-01-01          wejherowski
3010  24  15  NaN  ...    powiat  2020-01-01         wodzisławski
3277  26  13  NaN  ...    powiat  2020-01-01         włoszczowski
3484  28  19  NaN  ...    powiat  2020-01-01          węgorzewski
3889  30  28  NaN  ...    powiat  2020-01-01          wągrowiecki
3901  30  29  NaN  ...    powiat  2020-01-01          wolsztyński
3907  30  30  NaN  ...    powiat  2020-01-01           wrzesiński
4162  32  17  NaN  ...    powiat  2020-01-01              wałecki

[24 rows x 8 columns]
[2020-11-10]  11:05:37    geolocbot INFO      Result(s) for 'w':
     WOJ POW  GMI RODZ                NAZWA NAZWA_DOD     STAN_NA
228   02  21  NaN  NaN           wałbrzyski    powiat  2020-01-01
241   02  22  NaN  NaN             wołowski    powiat  2020-01-01
249   02  23  NaN  NaN           wrocławski    powiat  2020-01-01
502   04  17  NaN  NaN            wąbrzeski    powiat  2020-01-01
508   04  18  NaN  NaN           włocławski    powiat  2020-01-01
810   06  19  NaN  NaN            włodawski    powiat  2020-01-01
1000  08  12  NaN  NaN            wschowski    powiat  2020-01-01
1214  10  17  NaN  NaN            wieluński    powiat  2020-01-01
1227  10  18  NaN  NaN         wieruszowski    powiat  2020-01-01
1545  12  18  NaN  NaN            wadowicki    powiat  2020-01-01
1562  12  19  NaN  NaN             wielicki    powiat  2020-01-01
1954  14  32  NaN  NaN  warszawski zachodni    powiat  2020-01-01
1968  14  33  NaN  NaN            węgrowski    powiat  2020-01-01
1980  14  34  NaN  NaN           wołomiński    powiat  2020-01-01
1999  14  35  NaN  NaN           wyszkowski    powiat  2020-01-01
2632  20  13  NaN  NaN     wysokomazowiecki    powiat  2020-01-01
2816  22  15  NaN  NaN          wejherowski    powiat  2020-01-01
3010  24  15  NaN  NaN         wodzisławski    powiat  2020-01-01
3277  26  13  NaN  NaN         włoszczowski    powiat  2020-01-01
3484  28  19  NaN  NaN          węgorzewski    powiat  2020-01-01
3889  30  28  NaN  NaN          wągrowiecki    powiat  2020-01-01
3901  30  29  NaN  NaN          wolsztyński    powiat  2020-01-01
3907  30  30  NaN  NaN           wrzesiński    powiat  2020-01-01
4162  32  17  NaN  NaN              wałecki    powiat  2020-01-01
[2020-11-10]  11:29:39    pywiki    CRITICAL  Exiting due to uncaught exception <class 'AssertionError'>
[2020-11-10]  11:29:50    geolocbot INFO      [TERC] Result(s) for [field-Series].map(str).str.startswith('w'):
     WOJ POW  GMI RODZ                NAZWA NAZWA_DOD     STAN_NA
228   02  21  NaN  NaN           wałbrzyski    powiat  2020-01-01
241   02  22  NaN  NaN             wołowski    powiat  2020-01-01
249   02  23  NaN  NaN           wrocławski    powiat  2020-01-01
502   04  17  NaN  NaN            wąbrzeski    powiat  2020-01-01
508   04  18  NaN  NaN           włocławski    powiat  2020-01-01
810   06  19  NaN  NaN            włodawski    powiat  2020-01-01
1000  08  12  NaN  NaN            wschowski    powiat  2020-01-01
1214  10  17  NaN  NaN            wieluński    powiat  2020-01-01
1227  10  18  NaN  NaN         wieruszowski    powiat  2020-01-01
1545  12  18  NaN  NaN            wadowicki    powiat  2020-01-01
1562  12  19  NaN  NaN             wielicki    powiat  2020-01-01
1954  14  32  NaN  NaN  warszawski zachodni    powiat  2020-01-01
1968  14  33  NaN  NaN            węgrowski    powiat  2020-01-01
1980  14  34  NaN  NaN           wołomiński    powiat  2020-01-01
1999  14  35  NaN  NaN           wyszkowski    powiat  2020-01-01
2632  20  13  NaN  NaN     wysokomazowiecki    powiat  2020-01-01
2816  22  15  NaN  NaN          wejherowski    powiat  2020-01-01
3010  24  15  NaN  NaN         wodzisławski    powiat  2020-01-01
3277  26  13  NaN  NaN         włoszczowski    powiat  2020-01-01
3484  28  19  NaN  NaN          węgorzewski    powiat  2020-01-01
3889  30  28  NaN  NaN          wągrowiecki    powiat  2020-01-01
3901  30  29  NaN  NaN          wolsztyński    powiat  2020-01-01
3907  30  30  NaN  NaN           wrzesiński    powiat  2020-01-01
4162  32  17  NaN  NaN              wałecki    powiat  2020-01-01
[2020-11-10]  11:30:19    pywiki    CRITICAL  Exiting due to uncaught exception <class 'ValueError'>
[2020-11-10]  11:31:05    pywiki    CRITICAL  Exiting due to uncaught exception <class 'ValueError'>
[2020-11-10]  11:31:32    geolocbot INFO      TERC entry frame for 'w' not found.
[2020-11-10]  11:31:46    pywiki    CRITICAL  Exiting due to uncaught exception <class 'KeyError'>
[2020-11-10]  11:32:12    geolocbot INFO      [TERC] Result(s) for [field-Series].map(str).str.contains('Warszawa'):
     WOJ POW  GMI  ...     NAZWA                             NAZWA_DOD     STAN_NA
2045  14  65  NaN  ...  Warszawa  miasto stołeczne, na prawach powiatu  2020-01-01
2046  14  65   01  ...  Warszawa       gmina miejska, miasto stołeczne  2020-01-01

[2 rows x 7 columns]
[2020-11-10]  11:33:42    geolocbot INFO      [TERC] Result(s) for [field-Series].map(str).str equal to 'Warszawa':
     WOJ POW  GMI  ...     NAZWA                             NAZWA_DOD     STAN_NA
2045  14  65  NaN  ...  Warszawa  miasto stołeczne, na prawach powiatu  2020-01-01
2046  14  65   01  ...  Warszawa       gmina miejska, miasto stołeczne  2020-01-01

[2 rows x 7 columns]
[2020-11-10]  11:34:46    geolocbot INFO      [TERC] Result(s) for [field-Series].map(str).str equal to 'Warszawa':
     WOJ POW  GMI  ...     NAZWA                             NAZWA_DOD     STAN_NA
2045  14  65  NaN  ...  Warszawa  miasto stołeczne, na prawach powiatu  2020-01-01
2046  14  65   01  ...  Warszawa       gmina miejska, miasto stołeczne  2020-01-01

[2 rows x 7 columns]
[2020-11-10]  11:35:08    geolocbot INFO      [TERC] Result(s) for [field-Series].map(str).str equal to 'Warszawa':
     WOJ POW  GMI  ...     NAZWA                             NAZWA_DOD     STAN_NA
2045  14  65  NaN  ...  Warszawa  miasto stołeczne, na prawach powiatu  2020-01-01
2046  14  65   01  ...  Warszawa       gmina miejska, miasto stołeczne  2020-01-01

[2 rows x 7 columns]
[2020-11-10]  11:35:17    geolocbot INFO      [TERC] Result(s) for [field-Series].map(str).str equal to 'Gdańsk':
     WOJ POW  GMI RODZ   NAZWA                  NAZWA_DOD     STAN_NA
2837  22  61  NaN  NaN  Gdańsk  miasto na prawach powiatu  2020-01-01
2838  22  61   01    1  Gdańsk              gmina miejska  2020-01-01
[2020-11-10]  11:36:14    geolocbot INFO      [TERC] Result(s) for [field-Series].map(str).str equal to 'Gdańsk':
     WOJ POW  GMI RODZ   NAZWA                  NAZWA_DOD     STAN_NA
2837  22  61  NaN  NaN  Gdańsk  miasto na prawach powiatu  2020-01-01
2838  22  61   01    1  Gdańsk              gmina miejska  2020-01-01
[2020-11-10]  11:42:48    pywiki    CRITICAL  Exiting due to uncaught exception <class 'AttributeError'>
[2020-11-10]  11:43:16    geolocbot INFO      TERC entry frame for 'ńsk' not found.
[2020-11-10]  11:44:54    geolocbot INFO      TERC entry frame for 'ńsk' not found.
[2020-11-10]  11:45:04    geolocbot INFO      TERC entry frame for 'ńsk' not found.
[2020-11-10]  11:51:22    pywiki    CRITICAL  Exiting due to uncaught exception <class 'TypeError'>
[2020-11-10]  11:51:53    pywiki    CRITICAL  Exiting due to uncaught exception <class 'TypeError'>
[2020-11-10]  11:52:08    geolocbot INFO      [TERC] Entry frame not found.
[2020-11-10]  12:11:40    pywiki    CRITICAL  Exiting due to uncaught exception <class 'AssertionError'>
[2020-11-10]  12:12:10    pywiki    CRITICAL  Exiting due to uncaught exception <class 'AttributeError'>
[2020-11-10]  12:12:19    pywiki    CRITICAL  Exiting due to uncaught exception <class 'AssertionError'>
[2020-11-10]  12:30:08    pywiki    CRITICAL  Exiting due to uncaught exception <class 'AssertionError'>
[2020-11-10]  12:31:08    pywiki    CRITICAL  Exiting due to uncaught exception <class 'TypeError'>
[2020-11-10]  12:32:15    pywiki    CRITICAL  Exiting due to uncaught exception <class 'TypeError'>
[2020-11-10]  12:32:36    pywiki    CRITICAL  Exiting due to uncaught exception <class 'AssertionError'>
[2020-11-10]  12:34:08    pywiki    CRITICAL  Exiting due to uncaught exception <class 'AssertionError'>
[2020-11-10]  12:34:41    pywiki    CRITICAL  Exiting due to uncaught exception <class 'AssertionError'>
[2020-11-10]  12:34:53    geolocbot INFO      No string in the TERC field (column: 'NAZWA', parsed from: 'name') starts with substring 'ńsk', returning last frame no. 0…
[2020-11-10]  12:34:53    geolocbot INFO      [TERC] Result(s) for [field-Series].map(str).str.startswith('ńsk'):
     WOJ  POW  GMI RODZ          NAZWA                  NAZWA_DOD     STAN_NA
0     02  NaN  NaN  NaN   DOLNOŚLĄSKIE                województwo  2020-01-01
1     02   01  NaN  NaN  bolesławiecki                     powiat  2020-01-01
2     02   01   01    1    Bolesławiec              gmina miejska  2020-01-01
3     02   01   02    2    Bolesławiec              gmina wiejska  2020-01-01
4     02   01   03    2       Gromadka              gmina wiejska  2020-01-01
...   ..  ...  ...  ...            ...                        ...         ...
4189  32   61   01    1       Koszalin              gmina miejska  2020-01-01
4190  32   62  NaN  NaN       Szczecin  miasto na prawach powiatu  2020-01-01
4191  32   62   01    1       Szczecin              gmina miejska  2020-01-01
4192  32   63  NaN  NaN    Świnoujście  miasto na prawach powiatu  2020-01-01
4193  32   63   01    1    Świnoujście              gmina miejska  2020-01-01

[4194 rows x 7 columns]
[2020-11-10]  12:36:06    geolocbot INFO      No string in the TERC field (column: 'NAZWA', parsed from: 'name') starts with substring 'ńsk', returning last frame no. 0…
[2020-11-10]  12:36:06    pywiki    CRITICAL  Exiting due to uncaught exception <class 'ValueError'>
[2020-11-10]  12:36:25    geolocbot INFO      No string in the TERC field (column: 'NAZWA', parsed from: 'name') starts with substring 'ńsk', returning last frame no. 0…
[2020-11-10]  12:36:25    pywiki    CRITICAL  Exiting due to uncaught exception <class 'ValueError'>
[2020-11-10]  12:36:39    geolocbot INFO      No string in the TERC field (column: 'NAZWA', parsed from: 'name') starts with substring 'ńsk', returning last frame no. 0…
[2020-11-10]  12:36:41    pywiki    CRITICAL  Exiting due to uncaught exception <class 'ValueError'>
[2020-11-10]  12:37:33    geolocbot INFO      No string in the TERC field (column: 'NAZWA', parsed from: 'name') starts with substring 'ńsk', returning last frame no. 0…
[2020-11-10]  12:37:33    pywiki    CRITICAL  Exiting due to uncaught exception <class 'TypeError'>
[2020-11-10]  12:37:58    geolocbot INFO      No string in the TERC field (column: 'NAZWA', parsed from: 'name') starts with substring 'ńsk', returning last frame no. 0…
[2020-11-10]  12:37:58    geolocbot INFO      [TERC] Entry frame not found.
[2020-11-10]  12:42:28    pywiki    CRITICAL  Exiting due to uncaught exception <class 'KeyError'>
[2020-11-10]  12:42:48    geolocbot INFO      [TERC] Result(s) for [field-Series].map(str).str.startswith('W'):
     WOJ POW GMI RODZ                NAZWA              NAZWA_DOD     STAN_NA
9     02  01  06    2  Warta Bolesławiecka          gmina wiejska  2020-01-01
35    02  04  04    3               Wąsosz  gmina miejsko-wiejska  2020-01-01
36    02  04  04    4               Wąsosz                 miasto  2020-01-01
37    02  04  04    5               Wąsosz         obszar wiejski  2020-01-01
46    02  05  06    2      Wądroże Wielkie          gmina wiejska  2020-01-01
...   ..  ..  ..  ...                  ...                    ...         ...
4163  32  17  01    1                Wałcz          gmina miejska  2020-01-01
4173  32  17  05    2                Wałcz          gmina wiejska  2020-01-01
4185  32  18  05    3            Węgorzyno  gmina miejsko-wiejska  2020-01-01
4186  32  18  05    4            Węgorzyno                 miasto  2020-01-01
4187  32  18  05    5            Węgorzyno         obszar wiejski  2020-01-01

[248 rows x 7 columns]
[2020-11-10]  12:45:30    geolocbot INFO      [TERC] Result(s) for [field-Series].map(str).str.startswith('W'):
     WOJ POW GMI RODZ                NAZWA              NAZWA_DOD     STAN_NA
9     02  01  06    2  Warta Bolesławiecka          gmina wiejska  2020-01-01
35    02  04  04    3               Wąsosz  gmina miejsko-wiejska  2020-01-01
36    02  04  04    4               Wąsosz                 miasto  2020-01-01
37    02  04  04    5               Wąsosz         obszar wiejski  2020-01-01
46    02  05  06    2      Wądroże Wielkie          gmina wiejska  2020-01-01
...   ..  ..  ..  ...                  ...                    ...         ...
4163  32  17  01    1                Wałcz          gmina miejska  2020-01-01
4173  32  17  05    2                Wałcz          gmina wiejska  2020-01-01
4185  32  18  05    3            Węgorzyno  gmina miejsko-wiejska  2020-01-01
4186  32  18  05    4            Węgorzyno                 miasto  2020-01-01
4187  32  18  05    5            Węgorzyno         obszar wiejski  2020-01-01

[248 rows x 7 columns]
[2020-11-10]  12:46:39    geolocbot INFO      [TERC] Result(s) for [field-Series].map(str).str.startswith('W'):
     WOJ POW GMI RODZ                NAZWA              NAZWA_DOD     STAN_NA
9     02  01  06    2  Warta Bolesławiecka          gmina wiejska  2020-01-01
35    02  04  04    3               Wąsosz  gmina miejsko-wiejska  2020-01-01
36    02  04  04    4               Wąsosz                 miasto  2020-01-01
37    02  04  04    5               Wąsosz         obszar wiejski  2020-01-01
46    02  05  06    2      Wądroże Wielkie          gmina wiejska  2020-01-01
...   ..  ..  ..  ...                  ...                    ...         ...
4163  32  17  01    1                Wałcz          gmina miejska  2020-01-01
4173  32  17  05    2                Wałcz          gmina wiejska  2020-01-01
4185  32  18  05    3            Węgorzyno  gmina miejsko-wiejska  2020-01-01
4186  32  18  05    4            Węgorzyno                 miasto  2020-01-01
4187  32  18  05    5            Węgorzyno         obszar wiejski  2020-01-01

[248 rows x 7 columns]
[2020-11-10]  12:47:23    geolocbot INFO      [TERC] Entry frame not found.
[2020-11-10]  12:47:36    geolocbot INFO      [TERC] Result(s) for [field-Series].map(str).str equal to 'Warszawa':
     WOJ POW  GMI  ...     NAZWA                             NAZWA_DOD     STAN_NA
2045  14  65  NaN  ...  Warszawa  miasto stołeczne, na prawach powiatu  2020-01-01
2046  14  65   01  ...  Warszawa       gmina miejska, miasto stołeczne  2020-01-01

[2 rows x 7 columns]
[2020-11-10]  12:48:44    geolocbot INFO      [TERC] Result(s) for [field-Series].map(str).str equal to 'Warszawa':
     WOJ POW GMI RODZ     NAZWA                        NAZWA_DOD     STAN_NA
2046  14  65  01    1  Warszawa  gmina miejska, miasto stołeczne  2020-01-01
[2020-11-10]  12:50:27    geolocbot INFO      [TERC] Entry frame not found.
[2020-11-10]  12:51:32    geolocbot INFO      [TERC] Result(s) for [field-Series].map(str).str equal to 'Warszawa':
     WOJ POW  GMI  ...     NAZWA                             NAZWA_DOD     STAN_NA
2045  14  65  NaN  ...  Warszawa  miasto stołeczne, na prawach powiatu  2020-01-01
2046  14  65   01  ...  Warszawa       gmina miejska, miasto stołeczne  2020-01-01

[2 rows x 7 columns]
[2020-11-10]  12:52:12    geolocbot INFO      [TERC] Entry frame not found.
[2020-11-10]  12:52:28    geolocbot INFO      [TERC] Entry frame not found.
[2020-11-12]  07:56:03    geolocbot INFO      [TERC] Entry frame not found.
[2020-11-12]  08:14:29    geolocbot INFO      [TERC] Entry frame not found.
[2020-11-12]  08:14:36    pywiki    CRITICAL  Exiting due to uncaught exception <class 'AssertionError'>
[2020-11-12]  08:15:26    pywiki    CRITICAL  Exiting due to uncaught exception <class 'AssertionError'>
[2020-11-12]  08:21:56    pywiki    CRITICAL  Exiting due to uncaught exception <class 'AssertionError'>
[2020-11-12]  08:22:48    pywiki    CRITICAL  Exiting due to uncaught exception <class 'AssertionError'>
[2020-11-12]  08:22:57    pywiki    CRITICAL  Exiting due to uncaught exception <class 'AssertionError'>
[2020-11-12]  08:23:08    pywiki    CRITICAL  Exiting due to uncaught exception <class 'AssertionError'>
[2020-11-12]  08:23:33    pywiki    CRITICAL  Exiting due to uncaught exception <class 'AttributeError'>
[2020-11-12]  08:25:24    pywiki    CRITICAL  Exiting due to uncaught exception <class 'AttributeError'>
[2020-11-12]  09:47:06    pywiki    CRITICAL  Exiting due to uncaught exception <class 'RuntimeError'>
[2020-11-12]  09:47:27    pywiki    CRITICAL  Exiting due to uncaught exception <class 'IndexError'>
[2020-11-12]  09:48:11    pywiki    CRITICAL  Exiting due to uncaught exception <class 'IndexError'>
[2020-11-12]  09:52:24    pywiki    CRITICAL  Exiting due to uncaught exception <class 'IndexError'>
[2020-11-12]  09:52:49    pywiki    CRITICAL  Exiting due to uncaught exception <class 'IndexError'>
[2020-11-12]  09:53:02    pywiki    CRITICAL  Exiting due to uncaught exception <class 'IndexError'>
[2020-11-12]  09:53:28    pywiki    CRITICAL  Exiting due to uncaught exception <class 'IndexError'>
[2020-11-12]  09:53:49    pywiki    CRITICAL  Exiting due to uncaught exception <class 'IndexError'>
[2020-11-12]  09:54:58    pywiki    CRITICAL  Exiting due to uncaught exception <class 'IndexError'>
[2020-11-12]  09:56:54    geolocbot INFO      [TERC] Entry frame not found.
[2020-11-12]  09:57:48    geolocbot INFO      [TERC] Result(s) for [field-Series].map(str).str.contains('a'):
     WOJ POW  GMI RODZ          NAZWA                  NAZWA_DOD     STAN_NA
1     02  01  NaN  NaN  bolesławiecki                     powiat  2020-01-01
2     02  01   01    1    Bolesławiec              gmina miejska  2020-01-01
3     02  01   02    2    Bolesławiec              gmina wiejska  2020-01-01
4     02  01   03    2       Gromadka              gmina wiejska  2020-01-01
8     02  01   05    2     Osiecznica              gmina wiejska  2020-01-01
...   ..  ..  ...  ...            ...                        ...         ...
4176  32  18   01    4          Dobra                     miasto  2020-01-01
4177  32  18   01    5          Dobra             obszar wiejski  2020-01-01
4181  32  18   03    2    Radowo Małe              gmina wiejska  2020-01-01
4188  32  61  NaN  NaN       Koszalin  miasto na prawach powiatu  2020-01-01
4189  32  61   01    1       Koszalin              gmina miejska  2020-01-01

[2056 rows x 7 columns]
[2020-11-12]  09:57:48    pywiki    CRITICAL  Exiting due to uncaught exception <class 'KeyError'>
[2020-11-12]  09:58:26    geolocbot INFO      [TERC] Result(s) for [field-Series].map(str).str.contains('a'):
     WOJ POW  GMI RODZ          NAZWA                  NAZWA_DOD     STAN_NA
1     02  01  NaN  NaN  bolesławiecki                     powiat  2020-01-01
2     02  01   01    1    Bolesławiec              gmina miejska  2020-01-01
3     02  01   02    2    Bolesławiec              gmina wiejska  2020-01-01
4     02  01   03    2       Gromadka              gmina wiejska  2020-01-01
8     02  01   05    2     Osiecznica              gmina wiejska  2020-01-01
...   ..  ..  ...  ...            ...                        ...         ...
4176  32  18   01    4          Dobra                     miasto  2020-01-01
4177  32  18   01    5          Dobra             obszar wiejski  2020-01-01
4181  32  18   03    2    Radowo Małe              gmina wiejska  2020-01-01
4188  32  61  NaN  NaN       Koszalin  miasto na prawach powiatu  2020-01-01
4189  32  61   01    1       Koszalin              gmina miejska  2020-01-01

[2056 rows x 7 columns]
[2020-11-12]  09:58:26    pywiki    CRITICAL  Exiting due to uncaught exception <class 'AssertionError'>
[2020-11-12]  10:00:27    geolocbot INFO      [TERC] Result(s) for [field-Series].map(str).str.contains('a'):
     WOJ POW  GMI RODZ          NAZWA                  NAZWA_DOD     STAN_NA
1     02  01  NaN  NaN  bolesławiecki                     powiat  2020-01-01
2     02  01   01    1    Bolesławiec              gmina miejska  2020-01-01
3     02  01   02    2    Bolesławiec              gmina wiejska  2020-01-01
4     02  01   03    2       Gromadka              gmina wiejska  2020-01-01
8     02  01   05    2     Osiecznica              gmina wiejska  2020-01-01
...   ..  ..  ...  ...            ...                        ...         ...
4176  32  18   01    4          Dobra                     miasto  2020-01-01
4177  32  18   01    5          Dobra             obszar wiejski  2020-01-01
4181  32  18   03    2    Radowo Małe              gmina wiejska  2020-01-01
4188  32  61  NaN  NaN       Koszalin  miasto na prawach powiatu  2020-01-01
4189  32  61   01    1       Koszalin              gmina miejska  2020-01-01

[2056 rows x 7 columns]
[2020-11-12]  10:00:27    pywiki    CRITICAL  Exiting due to uncaught exception <class 'AssertionError'>
[2020-11-12]  10:01:54    geolocbot INFO      [TERC] Result(s) for [field-Series].map(str).str.contains('a'):
     WOJ POW  GMI RODZ          NAZWA                  NAZWA_DOD     STAN_NA
1     02  01  NaN  NaN  bolesławiecki                     powiat  2020-01-01
2     02  01   01    1    Bolesławiec              gmina miejska  2020-01-01
3     02  01   02    2    Bolesławiec              gmina wiejska  2020-01-01
4     02  01   03    2       Gromadka              gmina wiejska  2020-01-01
8     02  01   05    2     Osiecznica              gmina wiejska  2020-01-01
...   ..  ..  ...  ...            ...                        ...         ...
4176  32  18   01    4          Dobra                     miasto  2020-01-01
4177  32  18   01    5          Dobra             obszar wiejski  2020-01-01
4181  32  18   03    2    Radowo Małe              gmina wiejska  2020-01-01
4188  32  61  NaN  NaN       Koszalin  miasto na prawach powiatu  2020-01-01
4189  32  61   01    1       Koszalin              gmina miejska  2020-01-01

[2056 rows x 7 columns]
[2020-11-12]  10:01:54    pywiki    CRITICAL  Exiting due to uncaught exception <class 'AssertionError'>
[2020-11-12]  10:02:18    geolocbot INFO      [TERC] Result(s) for [field-Series].map(str).str.contains('a'):
     WOJ POW  GMI RODZ          NAZWA                  NAZWA_DOD     STAN_NA
1     02  01  NaN  NaN  bolesławiecki                     powiat  2020-01-01
2     02  01   01    1    Bolesławiec              gmina miejska  2020-01-01
3     02  01   02    2    Bolesławiec              gmina wiejska  2020-01-01
4     02  01   03    2       Gromadka              gmina wiejska  2020-01-01
8     02  01   05    2     Osiecznica              gmina wiejska  2020-01-01
...   ..  ..  ...  ...            ...                        ...         ...
4176  32  18   01    4          Dobra                     miasto  2020-01-01
4177  32  18   01    5          Dobra             obszar wiejski  2020-01-01
4181  32  18   03    2    Radowo Małe              gmina wiejska  2020-01-01
4188  32  61  NaN  NaN       Koszalin  miasto na prawach powiatu  2020-01-01
4189  32  61   01    1       Koszalin              gmina miejska  2020-01-01

[2056 rows x 7 columns]
[2020-11-12]  10:02:18    pywiki    CRITICAL  Exiting due to uncaught exception <class 'AssertionError'>
[2020-11-12]  10:02:45    geolocbot INFO      [TERC] Result(s) for [field-Series].map(str).str.contains('a'):
     WOJ POW  GMI RODZ          NAZWA                  NAZWA_DOD     STAN_NA
1     02  01  NaN  NaN  bolesławiecki                     powiat  2020-01-01
2     02  01   01    1    Bolesławiec              gmina miejska  2020-01-01
3     02  01   02    2    Bolesławiec              gmina wiejska  2020-01-01
4     02  01   03    2       Gromadka              gmina wiejska  2020-01-01
8     02  01   05    2     Osiecznica              gmina wiejska  2020-01-01
...   ..  ..  ...  ...            ...                        ...         ...
4176  32  18   01    4          Dobra                     miasto  2020-01-01
4177  32  18   01    5          Dobra             obszar wiejski  2020-01-01
4181  32  18   03    2    Radowo Małe              gmina wiejska  2020-01-01
4188  32  61  NaN  NaN       Koszalin  miasto na prawach powiatu  2020-01-01
4189  32  61   01    1       Koszalin              gmina miejska  2020-01-01

[2056 rows x 7 columns]
[2020-11-12]  10:02:45    pywiki    CRITICAL  Exiting due to uncaught exception <class 'AssertionError'>
[2020-11-12]  10:03:06    geolocbot INFO      [TERC] Result(s) for [field-Series].map(str).str.contains('a'):
     WOJ POW  GMI RODZ          NAZWA                  NAZWA_DOD     STAN_NA
1     02  01  NaN  NaN  bolesławiecki                     powiat  2020-01-01
2     02  01   01    1    Bolesławiec              gmina miejska  2020-01-01
3     02  01   02    2    Bolesławiec              gmina wiejska  2020-01-01
4     02  01   03    2       Gromadka              gmina wiejska  2020-01-01
8     02  01   05    2     Osiecznica              gmina wiejska  2020-01-01
...   ..  ..  ...  ...            ...                        ...         ...
4176  32  18   01    4          Dobra                     miasto  2020-01-01
4177  32  18   01    5          Dobra             obszar wiejski  2020-01-01
4181  32  18   03    2    Radowo Małe              gmina wiejska  2020-01-01
4188  32  61  NaN  NaN       Koszalin  miasto na prawach powiatu  2020-01-01
4189  32  61   01    1       Koszalin              gmina miejska  2020-01-01

[2056 rows x 7 columns]
[2020-11-12]  10:03:06    pywiki    CRITICAL  Exiting due to uncaught exception <class 'AssertionError'>
[2020-11-12]  10:03:16    pywiki    CRITICAL  Exiting due to uncaught exception <class 'AssertionError'>
[2020-11-12]  10:03:39    geolocbot INFO      [TERC] Result(s) for [field-Series].map(str).str.contains('a'):
     WOJ POW  GMI RODZ          NAZWA                  NAZWA_DOD     STAN_NA
1     02  01  NaN  NaN  bolesławiecki                     powiat  2020-01-01
2     02  01   01    1    Bolesławiec              gmina miejska  2020-01-01
3     02  01   02    2    Bolesławiec              gmina wiejska  2020-01-01
4     02  01   03    2       Gromadka              gmina wiejska  2020-01-01
8     02  01   05    2     Osiecznica              gmina wiejska  2020-01-01
...   ..  ..  ...  ...            ...                        ...         ...
4176  32  18   01    4          Dobra                     miasto  2020-01-01
4177  32  18   01    5          Dobra             obszar wiejski  2020-01-01
4181  32  18   03    2    Radowo Małe              gmina wiejska  2020-01-01
4188  32  61  NaN  NaN       Koszalin  miasto na prawach powiatu  2020-01-01
4189  32  61   01    1       Koszalin              gmina miejska  2020-01-01

[2056 rows x 7 columns]
[2020-11-12]  10:04:35    geolocbot INFO      [TERC] Result(s) for [field-Series].map(str).str.contains('a'):
     WOJ POW  GMI RODZ          NAZWA                  NAZWA_DOD     STAN_NA
1     02  01  NaN  NaN  bolesławiecki                     powiat  2020-01-01
2     02  01   01    1    Bolesławiec              gmina miejska  2020-01-01
3     02  01   02    2    Bolesławiec              gmina wiejska  2020-01-01
4     02  01   03    2       Gromadka              gmina wiejska  2020-01-01
8     02  01   05    2     Osiecznica              gmina wiejska  2020-01-01
...   ..  ..  ...  ...            ...                        ...         ...
4176  32  18   01    4          Dobra                     miasto  2020-01-01
4177  32  18   01    5          Dobra             obszar wiejski  2020-01-01
4181  32  18   03    2    Radowo Małe              gmina wiejska  2020-01-01
4188  32  61  NaN  NaN       Koszalin  miasto na prawach powiatu  2020-01-01
4189  32  61   01    1       Koszalin              gmina miejska  2020-01-01

[2056 rows x 7 columns]
[2020-11-12]  10:11:00    geolocbot INFO      [TERC] Result(s) for [field-Series].map(str).str.contains('a'):
     WOJ POW  GMI RODZ          NAZWA                  NAZWA_DOD     STAN_NA
1     02  01  NaN  NaN  bolesławiecki                     powiat  2020-01-01
2     02  01   01    1    Bolesławiec              gmina miejska  2020-01-01
3     02  01   02    2    Bolesławiec              gmina wiejska  2020-01-01
4     02  01   03    2       Gromadka              gmina wiejska  2020-01-01
8     02  01   05    2     Osiecznica              gmina wiejska  2020-01-01
...   ..  ..  ...  ...            ...                        ...         ...
4176  32  18   01    4          Dobra                     miasto  2020-01-01
4177  32  18   01    5          Dobra             obszar wiejski  2020-01-01
4181  32  18   03    2    Radowo Małe              gmina wiejska  2020-01-01
4188  32  61  NaN  NaN       Koszalin  miasto na prawach powiatu  2020-01-01
4189  32  61   01    1       Koszalin              gmina miejska  2020-01-01

[2056 rows x 7 columns]
[2020-11-12]  10:15:37    geolocbot INFO      [TERC] Result(s) for [field-Series].map(str).str.contains('a'):
     WOJ POW  GMI RODZ          NAZWA                  NAZWA_DOD     STAN_NA
1     02  01  NaN  NaN  bolesławiecki                     powiat  2020-01-01
2     02  01   01    1    Bolesławiec              gmina miejska  2020-01-01
3     02  01   02    2    Bolesławiec              gmina wiejska  2020-01-01
4     02  01   03    2       Gromadka              gmina wiejska  2020-01-01
8     02  01   05    2     Osiecznica              gmina wiejska  2020-01-01
...   ..  ..  ...  ...            ...                        ...         ...
4176  32  18   01    4          Dobra                     miasto  2020-01-01
4177  32  18   01    5          Dobra             obszar wiejski  2020-01-01
4181  32  18   03    2    Radowo Małe              gmina wiejska  2020-01-01
4188  32  61  NaN  NaN       Koszalin  miasto na prawach powiatu  2020-01-01
4189  32  61   01    1       Koszalin              gmina miejska  2020-01-01

[2056 rows x 7 columns]
[2020-11-12]  10:19:50    pywiki    CRITICAL  Exiting due to uncaught exception <class 'AttributeError'>
[2020-11-12]  10:20:10    geolocbot INFO      [TERC] Result(s) for [field-Series].map(str).str.contains('a'):
     WOJ POW  GMI RODZ          NAZWA                  NAZWA_DOD     STAN_NA
1     02  01  NaN  NaN  bolesławiecki                     powiat  2020-01-01
2     02  01   01    1    Bolesławiec              gmina miejska  2020-01-01
3     02  01   02    2    Bolesławiec              gmina wiejska  2020-01-01
4     02  01   03    2       Gromadka              gmina wiejska  2020-01-01
8     02  01   05    2     Osiecznica              gmina wiejska  2020-01-01
...   ..  ..  ...  ...            ...                        ...         ...
4176  32  18   01    4          Dobra                     miasto  2020-01-01
4177  32  18   01    5          Dobra             obszar wiejski  2020-01-01
4181  32  18   03    2    Radowo Małe              gmina wiejska  2020-01-01
4188  32  61  NaN  NaN       Koszalin  miasto na prawach powiatu  2020-01-01
4189  32  61   01    1       Koszalin              gmina miejska  2020-01-01

[2056 rows x 7 columns]
[2020-11-12]  10:21:29    geolocbot INFO      [TERC] Result(s) for [field-Series].map(str).str.contains('a'):
     WOJ POW  GMI RODZ          NAZWA                  NAZWA_DOD     STAN_NA
1     02  01  NaN  NaN  bolesławiecki                     powiat  2020-01-01
2     02  01   01    1    Bolesławiec              gmina miejska  2020-01-01
3     02  01   02    2    Bolesławiec              gmina wiejska  2020-01-01
4     02  01   03    2       Gromadka              gmina wiejska  2020-01-01
8     02  01   05    2     Osiecznica              gmina wiejska  2020-01-01
...   ..  ..  ...  ...            ...                        ...         ...
4176  32  18   01    4          Dobra                     miasto  2020-01-01
4177  32  18   01    5          Dobra             obszar wiejski  2020-01-01
4181  32  18   03    2    Radowo Małe              gmina wiejska  2020-01-01
4188  32  61  NaN  NaN       Koszalin  miasto na prawach powiatu  2020-01-01
4189  32  61   01    1       Koszalin              gmina miejska  2020-01-01

[2056 rows x 7 columns]
[2020-11-12]  10:21:58    geolocbot INFO      [TERC] Result(s) for [field-Series].map(str).str.contains('a'):
     WOJ POW  GMI RODZ          NAZWA                  NAZWA_DOD     STAN_NA
1     02  01  NaN  NaN  bolesławiecki                     powiat  2020-01-01
2     02  01   01    1    Bolesławiec              gmina miejska  2020-01-01
3     02  01   02    2    Bolesławiec              gmina wiejska  2020-01-01
4     02  01   03    2       Gromadka              gmina wiejska  2020-01-01
8     02  01   05    2     Osiecznica              gmina wiejska  2020-01-01
...   ..  ..  ...  ...            ...                        ...         ...
4176  32  18   01    4          Dobra                     miasto  2020-01-01
4177  32  18   01    5          Dobra             obszar wiejski  2020-01-01
4181  32  18   03    2    Radowo Małe              gmina wiejska  2020-01-01
4188  32  61  NaN  NaN       Koszalin  miasto na prawach powiatu  2020-01-01
4189  32  61   01    1       Koszalin              gmina miejska  2020-01-01

[2056 rows x 7 columns]
[2020-11-12]  10:22:07    geolocbot INFO      [TERC] Result(s) for [field-Series].map(str).str.contains('a'):
     WOJ POW  GMI RODZ          NAZWA                  NAZWA_DOD     STAN_NA
1     02  01  NaN  NaN  bolesławiecki                     powiat  2020-01-01
2     02  01   01    1    Bolesławiec              gmina miejska  2020-01-01
3     02  01   02    2    Bolesławiec              gmina wiejska  2020-01-01
4     02  01   03    2       Gromadka              gmina wiejska  2020-01-01
8     02  01   05    2     Osiecznica              gmina wiejska  2020-01-01
...   ..  ..  ...  ...            ...                        ...         ...
4176  32  18   01    4          Dobra                     miasto  2020-01-01
4177  32  18   01    5          Dobra             obszar wiejski  2020-01-01
4181  32  18   03    2    Radowo Małe              gmina wiejska  2020-01-01
4188  32  61  NaN  NaN       Koszalin  miasto na prawach powiatu  2020-01-01
4189  32  61   01    1       Koszalin              gmina miejska  2020-01-01

[2056 rows x 7 columns]
[2020-11-12]  10:22:55    geolocbot INFO      [TERC] Result(s) for [field-Series].map(str).str.contains('a'):
     WOJ POW  GMI RODZ          NAZWA                  NAZWA_DOD     STAN_NA
1     02  01  NaN  NaN  bolesławiecki                     powiat  2020-01-01
2     02  01   01    1    Bolesławiec              gmina miejska  2020-01-01
3     02  01   02    2    Bolesławiec              gmina wiejska  2020-01-01
4     02  01   03    2       Gromadka              gmina wiejska  2020-01-01
8     02  01   05    2     Osiecznica              gmina wiejska  2020-01-01
...   ..  ..  ...  ...            ...                        ...         ...
4176  32  18   01    4          Dobra                     miasto  2020-01-01
4177  32  18   01    5          Dobra             obszar wiejski  2020-01-01
4181  32  18   03    2    Radowo Małe              gmina wiejska  2020-01-01
4188  32  61  NaN  NaN       Koszalin  miasto na prawach powiatu  2020-01-01
4189  32  61   01    1       Koszalin              gmina miejska  2020-01-01

[2056 rows x 7 columns]
[2020-11-12]  10:40:21    geolocbot INFO      [TERC] Result(s) for [field-Series].map(str).str.contains('a'):
     WOJ POW  GMI RODZ          NAZWA                  NAZWA_DOD     STAN_NA
1     02  01  NaN  NaN  bolesławiecki                     powiat  2020-01-01
2     02  01   01    1    Bolesławiec              gmina miejska  2020-01-01
3     02  01   02    2    Bolesławiec              gmina wiejska  2020-01-01
4     02  01   03    2       Gromadka              gmina wiejska  2020-01-01
8     02  01   05    2     Osiecznica              gmina wiejska  2020-01-01
...   ..  ..  ...  ...            ...                        ...         ...
4176  32  18   01    4          Dobra                     miasto  2020-01-01
4177  32  18   01    5          Dobra             obszar wiejski  2020-01-01
4181  32  18   03    2    Radowo Małe              gmina wiejska  2020-01-01
4188  32  61  NaN  NaN       Koszalin  miasto na prawach powiatu  2020-01-01
4189  32  61   01    1       Koszalin              gmina miejska  2020-01-01

[2056 rows x 7 columns]
[2020-11-12]  10:43:32    geolocbot INFO      [TERC] Result(s) for [field-Series].map(str).str.contains('a'):
     WOJ POW  GMI RODZ          NAZWA                  NAZWA_DOD     STAN_NA
1     02  01  NaN  NaN  bolesławiecki                     powiat  2020-01-01
2     02  01   01    1    Bolesławiec              gmina miejska  2020-01-01
3     02  01   02    2    Bolesławiec              gmina wiejska  2020-01-01
4     02  01   03    2       Gromadka              gmina wiejska  2020-01-01
8     02  01   05    2     Osiecznica              gmina wiejska  2020-01-01
...   ..  ..  ...  ...            ...                        ...         ...
4176  32  18   01    4          Dobra                     miasto  2020-01-01
4177  32  18   01    5          Dobra             obszar wiejski  2020-01-01
4181  32  18   03    2    Radowo Małe              gmina wiejska  2020-01-01
4188  32  61  NaN  NaN       Koszalin  miasto na prawach powiatu  2020-01-01
4189  32  61   01    1       Koszalin              gmina miejska  2020-01-01

[2056 rows x 7 columns]
[2020-11-12]  10:43:50    geolocbot INFO      [TERC] Result(s) for [field-Series].map(str).str.contains('a'):
     WOJ POW  GMI RODZ          NAZWA                  NAZWA_DOD     STAN_NA
1     02  01  NaN  NaN  bolesławiecki                     powiat  2020-01-01
2     02  01   01    1    Bolesławiec              gmina miejska  2020-01-01
3     02  01   02    2    Bolesławiec              gmina wiejska  2020-01-01
4     02  01   03    2       Gromadka              gmina wiejska  2020-01-01
8     02  01   05    2     Osiecznica              gmina wiejska  2020-01-01
...   ..  ..  ...  ...            ...                        ...         ...
4176  32  18   01    4          Dobra                     miasto  2020-01-01
4177  32  18   01    5          Dobra             obszar wiejski  2020-01-01
4181  32  18   03    2    Radowo Małe              gmina wiejska  2020-01-01
4188  32  61  NaN  NaN       Koszalin  miasto na prawach powiatu  2020-01-01
4189  32  61   01    1       Koszalin              gmina miejska  2020-01-01

[2056 rows x 7 columns]
[2020-11-12]  10:51:01    geolocbot INFO      [TERC] Result(s) for [field-Series].map(str).str.contains('a'):
     WOJ POW  GMI RODZ          NAZWA                  NAZWA_DOD     STAN_NA
1     02  01  NaN  NaN  bolesławiecki                     powiat  2020-01-01
2     02  01   01    1    Bolesławiec              gmina miejska  2020-01-01
3     02  01   02    2    Bolesławiec              gmina wiejska  2020-01-01
4     02  01   03    2       Gromadka              gmina wiejska  2020-01-01
8     02  01   05    2     Osiecznica              gmina wiejska  2020-01-01
...   ..  ..  ...  ...            ...                        ...         ...
4176  32  18   01    4          Dobra                     miasto  2020-01-01
4177  32  18   01    5          Dobra             obszar wiejski  2020-01-01
4181  32  18   03    2    Radowo Małe              gmina wiejska  2020-01-01
4188  32  61  NaN  NaN       Koszalin  miasto na prawach powiatu  2020-01-01
4189  32  61   01    1       Koszalin              gmina miejska  2020-01-01

[2056 rows x 7 columns]
[2020-11-12]  10:51:55    geolocbot INFO      [TERC] Result(s) for [field-Series].map(str).str.contains('a'):
     WOJ POW  GMI RODZ          NAZWA                  NAZWA_DOD     STAN_NA
1     02  01  NaN  NaN  bolesławiecki                     powiat  2020-01-01
2     02  01   01    1    Bolesławiec              gmina miejska  2020-01-01
3     02  01   02    2    Bolesławiec              gmina wiejska  2020-01-01
4     02  01   03    2       Gromadka              gmina wiejska  2020-01-01
8     02  01   05    2     Osiecznica              gmina wiejska  2020-01-01
...   ..  ..  ...  ...            ...                        ...         ...
4176  32  18   01    4          Dobra                     miasto  2020-01-01
4177  32  18   01    5          Dobra             obszar wiejski  2020-01-01
4181  32  18   03    2    Radowo Małe              gmina wiejska  2020-01-01
4188  32  61  NaN  NaN       Koszalin  miasto na prawach powiatu  2020-01-01
4189  32  61   01    1       Koszalin              gmina miejska  2020-01-01

[2056 rows x 7 columns]
[2020-11-12]  10:52:18    geolocbot INFO      [TERC] Result(s) for [field-Series].map(str).str.contains('a'):
     WOJ POW  GMI RODZ          NAZWA                  NAZWA_DOD     STAN_NA
1     02  01  NaN  NaN  bolesławiecki                     powiat  2020-01-01
2     02  01   01    1    Bolesławiec              gmina miejska  2020-01-01
3     02  01   02    2    Bolesławiec              gmina wiejska  2020-01-01
4     02  01   03    2       Gromadka              gmina wiejska  2020-01-01
8     02  01   05    2     Osiecznica              gmina wiejska  2020-01-01
...   ..  ..  ...  ...            ...                        ...         ...
4176  32  18   01    4          Dobra                     miasto  2020-01-01
4177  32  18   01    5          Dobra             obszar wiejski  2020-01-01
4181  32  18   03    2    Radowo Małe              gmina wiejska  2020-01-01
4188  32  61  NaN  NaN       Koszalin  miasto na prawach powiatu  2020-01-01
4189  32  61   01    1       Koszalin              gmina miejska  2020-01-01

[2056 rows x 7 columns]
[2020-11-12]  10:53:31    geolocbot INFO      [TERC] Result(s) for [field-Series].map(str).str.contains('a'):
     WOJ POW  GMI RODZ          NAZWA                  NAZWA_DOD     STAN_NA
1     02  01  NaN  NaN  bolesławiecki                     powiat  2020-01-01
2     02  01   01    1    Bolesławiec              gmina miejska  2020-01-01
3     02  01   02    2    Bolesławiec              gmina wiejska  2020-01-01
4     02  01   03    2       Gromadka              gmina wiejska  2020-01-01
8     02  01   05    2     Osiecznica              gmina wiejska  2020-01-01
...   ..  ..  ...  ...            ...                        ...         ...
4176  32  18   01    4          Dobra                     miasto  2020-01-01
4177  32  18   01    5          Dobra             obszar wiejski  2020-01-01
4181  32  18   03    2    Radowo Małe              gmina wiejska  2020-01-01
4188  32  61  NaN  NaN       Koszalin  miasto na prawach powiatu  2020-01-01
4189  32  61   01    1       Koszalin              gmina miejska  2020-01-01

[2056 rows x 7 columns]
[2020-11-12]  10:54:05    geolocbot INFO      [TERC] Result(s) for [field-Series].map(str).str.contains('a'):
     WOJ POW  GMI RODZ          NAZWA                  NAZWA_DOD     STAN_NA
1     02  01  NaN  NaN  bolesławiecki                     powiat  2020-01-01
2     02  01   01    1    Bolesławiec              gmina miejska  2020-01-01
3     02  01   02    2    Bolesławiec              gmina wiejska  2020-01-01
4     02  01   03    2       Gromadka              gmina wiejska  2020-01-01
8     02  01   05    2     Osiecznica              gmina wiejska  2020-01-01
...   ..  ..  ...  ...            ...                        ...         ...
4176  32  18   01    4          Dobra                     miasto  2020-01-01
4177  32  18   01    5          Dobra             obszar wiejski  2020-01-01
4181  32  18   03    2    Radowo Małe              gmina wiejska  2020-01-01
4188  32  61  NaN  NaN       Koszalin  miasto na prawach powiatu  2020-01-01
4189  32  61   01    1       Koszalin              gmina miejska  2020-01-01

[2056 rows x 7 columns]
[2020-11-12]  10:54:16    geolocbot INFO      [TERC] Result(s) for [field-Series].map(str).str.contains('a'):
     WOJ POW  GMI RODZ          NAZWA                  NAZWA_DOD     STAN_NA
1     02  01  NaN  NaN  bolesławiecki                     powiat  2020-01-01
2     02  01   01    1    Bolesławiec              gmina miejska  2020-01-01
3     02  01   02    2    Bolesławiec              gmina wiejska  2020-01-01
4     02  01   03    2       Gromadka              gmina wiejska  2020-01-01
8     02  01   05    2     Osiecznica              gmina wiejska  2020-01-01
...   ..  ..  ...  ...            ...                        ...         ...
4176  32  18   01    4          Dobra                     miasto  2020-01-01
4177  32  18   01    5          Dobra             obszar wiejski  2020-01-01
4181  32  18   03    2    Radowo Małe              gmina wiejska  2020-01-01
4188  32  61  NaN  NaN       Koszalin  miasto na prawach powiatu  2020-01-01
4189  32  61   01    1       Koszalin              gmina miejska  2020-01-01

[2056 rows x 7 columns]
[2020-11-12]  11:04:00    geolocbot INFO      [TERC] Result(s) for [field-Series].map(str).str.contains('a'):
     WOJ POW  GMI RODZ          NAZWA                  NAZWA_DOD     STAN_NA
1     02  01  NaN  NaN  bolesławiecki                     powiat  2020-01-01
2     02  01   01    1    Bolesławiec              gmina miejska  2020-01-01
3     02  01   02    2    Bolesławiec              gmina wiejska  2020-01-01
4     02  01   03    2       Gromadka              gmina wiejska  2020-01-01
8     02  01   05    2     Osiecznica              gmina wiejska  2020-01-01
...   ..  ..  ...  ...            ...                        ...         ...
4176  32  18   01    4          Dobra                     miasto  2020-01-01
4177  32  18   01    5          Dobra             obszar wiejski  2020-01-01
4181  32  18   03    2    Radowo Małe              gmina wiejska  2020-01-01
4188  32  61  NaN  NaN       Koszalin  miasto na prawach powiatu  2020-01-01
4189  32  61   01    1       Koszalin              gmina miejska  2020-01-01

[2056 rows x 7 columns]
[2020-11-12]  11:12:50    geolocbot INFO      [TERC] Result(s) for [field-Series].map(str).str.contains('a'):
     WOJ POW  GMI RODZ          NAZWA                  NAZWA_DOD     STAN_NA
1     02  01  NaN  NaN  bolesławiecki                     powiat  2020-01-01
2     02  01   01    1    Bolesławiec              gmina miejska  2020-01-01
3     02  01   02    2    Bolesławiec              gmina wiejska  2020-01-01
4     02  01   03    2       Gromadka              gmina wiejska  2020-01-01
8     02  01   05    2     Osiecznica              gmina wiejska  2020-01-01
...   ..  ..  ...  ...            ...                        ...         ...
4176  32  18   01    4          Dobra                     miasto  2020-01-01
4177  32  18   01    5          Dobra             obszar wiejski  2020-01-01
4181  32  18   03    2    Radowo Małe              gmina wiejska  2020-01-01
4188  32  61  NaN  NaN       Koszalin  miasto na prawach powiatu  2020-01-01
4189  32  61   01    1       Koszalin              gmina miejska  2020-01-01

[2056 rows x 7 columns]
[2020-11-12]  11:18:52    geolocbot INFO      [TERC] Result(s) for [field-Series].map(str).str.contains('a'):
     WOJ POW  GMI RODZ          NAZWA                  NAZWA_DOD     STAN_NA
1     02  01  NaN  NaN  bolesławiecki                     powiat  2020-01-01
2     02  01   01    1    Bolesławiec              gmina miejska  2020-01-01
3     02  01   02    2    Bolesławiec              gmina wiejska  2020-01-01
4     02  01   03    2       Gromadka              gmina wiejska  2020-01-01
8     02  01   05    2     Osiecznica              gmina wiejska  2020-01-01
...   ..  ..  ...  ...            ...                        ...         ...
4176  32  18   01    4          Dobra                     miasto  2020-01-01
4177  32  18   01    5          Dobra             obszar wiejski  2020-01-01
4181  32  18   03    2    Radowo Małe              gmina wiejska  2020-01-01
4188  32  61  NaN  NaN       Koszalin  miasto na prawach powiatu  2020-01-01
4189  32  61   01    1       Koszalin              gmina miejska  2020-01-01

[2056 rows x 7 columns]
[2020-11-12]  11:27:00    geolocbot INFO      [TERC] Result(s) for [field-Series].map(str).str.contains('a'):
     WOJ POW  GMI RODZ          NAZWA                  NAZWA_DOD     STAN_NA
1     02  01  NaN  NaN  bolesławiecki                     powiat  2020-01-01
2     02  01   01    1    Bolesławiec              gmina miejska  2020-01-01
3     02  01   02    2    Bolesławiec              gmina wiejska  2020-01-01
4     02  01   03    2       Gromadka              gmina wiejska  2020-01-01
8     02  01   05    2     Osiecznica              gmina wiejska  2020-01-01
...   ..  ..  ...  ...            ...                        ...         ...
4176  32  18   01    4          Dobra                     miasto  2020-01-01
4177  32  18   01    5          Dobra             obszar wiejski  2020-01-01
4181  32  18   03    2    Radowo Małe              gmina wiejska  2020-01-01
4188  32  61  NaN  NaN       Koszalin  miasto na prawach powiatu  2020-01-01
4189  32  61   01    1       Koszalin              gmina miejska  2020-01-01

[2056 rows x 7 columns]
[2020-11-12]  11:27:21    geolocbot INFO      [TERC] Result(s) for [field-Series].map(str).str.startswith('a'):
     WOJ POW  GMI RODZ           NAZWA NAZWA_DOD     STAN_NA
318   04  01  NaN  NaN  aleksandrowski    powiat  2020-01-01
2472  20  01  NaN  NaN     augustowski    powiat  2020-01-01
[2020-11-12]  11:27:40    geolocbot INFO      [TERC] Result(s) for [field-Series].map(str).str.startswith('w'):
     WOJ POW  GMI RODZ                NAZWA NAZWA_DOD     STAN_NA
228   02  21  NaN  NaN           wałbrzyski    powiat  2020-01-01
241   02  22  NaN  NaN             wołowski    powiat  2020-01-01
249   02  23  NaN  NaN           wrocławski    powiat  2020-01-01
502   04  17  NaN  NaN            wąbrzeski    powiat  2020-01-01
508   04  18  NaN  NaN           włocławski    powiat  2020-01-01
810   06  19  NaN  NaN            włodawski    powiat  2020-01-01
1000  08  12  NaN  NaN            wschowski    powiat  2020-01-01
1214  10  17  NaN  NaN            wieluński    powiat  2020-01-01
1227  10  18  NaN  NaN         wieruszowski    powiat  2020-01-01
1545  12  18  NaN  NaN            wadowicki    powiat  2020-01-01
1562  12  19  NaN  NaN             wielicki    powiat  2020-01-01
1954  14  32  NaN  NaN  warszawski zachodni    powiat  2020-01-01
1968  14  33  NaN  NaN            węgrowski    powiat  2020-01-01
1980  14  34  NaN  NaN           wołomiński    powiat  2020-01-01
1999  14  35  NaN  NaN           wyszkowski    powiat  2020-01-01
2632  20  13  NaN  NaN     wysokomazowiecki    powiat  2020-01-01
2816  22  15  NaN  NaN          wejherowski    powiat  2020-01-01
3010  24  15  NaN  NaN         wodzisławski    powiat  2020-01-01
3277  26  13  NaN  NaN         włoszczowski    powiat  2020-01-01
3484  28  19  NaN  NaN          węgorzewski    powiat  2020-01-01
3889  30  28  NaN  NaN          wągrowiecki    powiat  2020-01-01
3901  30  29  NaN  NaN          wolsztyński    powiat  2020-01-01
3907  30  30  NaN  NaN           wrzesiński    powiat  2020-01-01
4162  32  17  NaN  NaN              wałecki    powiat  2020-01-01
[2020-11-12]  11:35:56    pywiki    CRITICAL  Exiting due to uncaught exception <class 'TypeError'>
[2020-11-12]  12:15:20    pywiki    CRITICAL  Exiting due to uncaught exception <class 'NameError'>
[2020-11-12]  12:15:30    pywiki    CRITICAL  Exiting due to uncaught exception <class 'TypeError'>
[2020-11-12]  12:21:06    pywiki    CRITICAL  Exiting due to uncaught exception <class 'AttributeError'>
[2020-11-12]  12:31:31    geolocbot INFO      [TERC] Entry frame not found.
[2020-11-12]  12:31:31    pywiki    CRITICAL  Exiting due to uncaught exception <class 'UnboundLocalError'>
[2020-11-12]  12:33:08    pywiki    CRITICAL  Exiting due to uncaught exception <class 'AssertionError'>
[2020-11-12]  12:33:42    pywiki    CRITICAL  Exiting due to uncaught exception <class 'KeyError'>
[2020-11-12]  12:34:04    pywiki    CRITICAL  Exiting due to uncaught exception <class 'UnboundLocalError'>
[2020-11-12]  12:42:14    pywiki    CRITICAL  Exiting due to uncaught exception <class 'UnboundLocalError'>
[2020-11-12]  12:43:31    pywiki    CRITICAL  Exiting due to uncaught exception <class 'AssertionError'>
[2020-11-12]  12:44:04    pywiki    CRITICAL  Exiting due to uncaught exception <class 'AssertionError'>
[2020-11-12]  12:44:16    pywiki    CRITICAL  Exiting due to uncaught exception <class 'AssertionError'>
[2020-11-12]  13:33:54    pywiki    CRITICAL  Exiting due to uncaught exception <class 'AssertionError'>
[2020-11-12]  13:34:11    pywiki    CRITICAL  Exiting due to uncaught exception <class 'KeyError'>
[2020-11-12]  13:34:28    geolocbot INFO      [TERC] Entry frame not found.
[2020-11-12]  13:35:00    geolocbot INFO      [TERC] Entry frame not found.
[2020-11-12]  13:35:18    geolocbot INFO      [TERC] Entry frame not found.
[2020-11-12]  13:35:42    geolocbot INFO      [TERC] Entry frame not found.
[2020-11-12]  13:36:06    pywiki    CRITICAL  Exiting due to uncaught exception <class 'NameError'>
[2020-11-12]  13:36:10    pywiki    CRITICAL  Exiting due to uncaught exception <class 'AssertionError'>
[2020-11-12]  13:36:36    pywiki    CRITICAL  Exiting due to uncaught exception <class 'AssertionError'>
[2020-11-12]  13:37:18    pywiki    CRITICAL  Exiting due to uncaught exception <class 'AssertionError'>
[2020-11-12]  13:37:35    pywiki    CRITICAL  Exiting due to uncaught exception <class 'AssertionError'>
[2020-11-12]  13:38:16    pywiki    CRITICAL  Exiting due to uncaught exception <class 'AssertionError'>
[2020-11-12]  13:38:32    pywiki    CRITICAL  Exiting due to uncaught exception <class 'AssertionError'>
[2020-11-12]  13:38:43    pywiki    CRITICAL  Exiting due to uncaught exception <class 'AssertionError'>
[2020-11-12]  13:38:50    pywiki    CRITICAL  Exiting due to uncaught exception <class 'AssertionError'>
[2020-11-12]  13:40:03    pywiki    CRITICAL  Exiting due to uncaught exception <class 'AssertionError'>
[2020-11-12]  13:40:17    geolocbot INFO      [TERC] Entry frame not found.
[2020-11-12]  13:42:01    geolocbot INFO      [TERC] Entry frame not found.
[2020-11-12]  13:42:19    geolocbot INFO      [TERC] Entry frame not found.
[2020-11-12]  13:43:05    geolocbot INFO      [TERC] Entry frame not found.
[2020-11-12]  13:44:38    geolocbot INFO      [TERC] Entry frame not found.
[2020-11-12]  13:44:50    geolocbot INFO      [TERC] Entry frame not found.
[2020-11-12]  13:45:28    pywiki    CRITICAL  Exiting due to uncaught exception <class 'ValueError'>
[2020-11-12]  13:45:49    pywiki    CRITICAL  Exiting due to uncaught exception <class 'ValueError'>
[2020-11-12]  13:45:56    pywiki    CRITICAL  Exiting due to uncaught exception <class 'ValueError'>
[2020-11-12]  13:46:02    pywiki    CRITICAL  Exiting due to uncaught exception <class 'ValueError'>
[2020-11-12]  13:46:16    geolocbot INFO      [TERC] Result(s) for [field-Series].map(str).str.startswith('W'):
     WOJ POW GMI RODZ                NAZWA              NAZWA_DOD     STAN_NA
9     02  01  06    2  Warta Bolesławiecka          gmina wiejska  2020-01-01
35    02  04  04    3               Wąsosz  gmina miejsko-wiejska  2020-01-01
36    02  04  04    4               Wąsosz                 miasto  2020-01-01
37    02  04  04    5               Wąsosz         obszar wiejski  2020-01-01
46    02  05  06    2      Wądroże Wielkie          gmina wiejska  2020-01-01
...   ..  ..  ..  ...                  ...                    ...         ...
4163  32  17  01    1                Wałcz          gmina miejska  2020-01-01
4173  32  17  05    2                Wałcz          gmina wiejska  2020-01-01
4185  32  18  05    3            Węgorzyno  gmina miejsko-wiejska  2020-01-01
4186  32  18  05    4            Węgorzyno                 miasto  2020-01-01
4187  32  18  05    5            Węgorzyno         obszar wiejski  2020-01-01

[248 rows x 7 columns]
[2020-11-12]  13:52:25    pywiki    CRITICAL  Exiting due to uncaught exception <class 'TypeError'>
[2020-11-12]  13:53:41    pywiki    CRITICAL  Exiting due to uncaught exception <class 'TypeError'>
[2020-11-12]  14:02:42    pywiki    CRITICAL  Exiting due to uncaught exception <class 'TypeError'>
[2020-11-12]  14:02:56    geolocbot INFO      [TERC] Result(s) for [field-Series].map(str).str.startswith('W'):
     WOJ POW GMI RODZ                NAZWA              NAZWA_DOD     STAN_NA
9     02  01  06    2  Warta Bolesławiecka          gmina wiejska  2020-01-01
35    02  04  04    3               Wąsosz  gmina miejsko-wiejska  2020-01-01
36    02  04  04    4               Wąsosz                 miasto  2020-01-01
37    02  04  04    5               Wąsosz         obszar wiejski  2020-01-01
46    02  05  06    2      Wądroże Wielkie          gmina wiejska  2020-01-01
...   ..  ..  ..  ...                  ...                    ...         ...
4163  32  17  01    1                Wałcz          gmina miejska  2020-01-01
4173  32  17  05    2                Wałcz          gmina wiejska  2020-01-01
4185  32  18  05    3            Węgorzyno  gmina miejsko-wiejska  2020-01-01
4186  32  18  05    4            Węgorzyno                 miasto  2020-01-01
4187  32  18  05    5            Węgorzyno         obszar wiejski  2020-01-01

[248 rows x 7 columns]
[2020-11-12]  14:03:12    pywiki    CRITICAL  Exiting due to uncaught exception <class 'TypeError'>
[2020-11-12]  14:06:25    pywiki    CRITICAL  Exiting due to uncaught exception <class 'TypeError'>
[2020-11-12]  14:07:20    pywiki    CRITICAL  Exiting due to uncaught exception <class 'TypeError'>
[2020-11-12]  14:08:23    pywiki    CRITICAL  Exiting due to uncaught exception <class 'TypeError'>
[2020-11-12]  14:08:32    pywiki    CRITICAL  Exiting due to uncaught exception <class 'AssertionError'>
[2020-11-12]  14:08:52    pywiki    CRITICAL  Exiting due to uncaught exception <class 'TypeError'>
[2020-11-12]  14:09:02    pywiki    CRITICAL  Exiting due to uncaught exception <class 'TypeError'>
[2020-11-12]  14:09:22    pywiki    CRITICAL  Exiting due to uncaught exception <class 'TypeError'>
[2020-11-12]  14:09:28    pywiki    CRITICAL  Exiting due to uncaught exception <class 'TypeError'>
[2020-11-12]  14:10:16    pywiki    CRITICAL  Exiting due to uncaught exception <class 'TypeError'>
[2020-11-12]  14:16:18    pywiki    CRITICAL  Exiting due to uncaught exception <class 'AttributeError'>
[2020-11-12]  14:16:42    pywiki    CRITICAL  Exiting due to uncaught exception <class 'TypeError'>
[2020-11-12]  14:16:58    geolocbot INFO      [TERC] Result(s) for [field-Series].map(str).str.startswith('W'):
     WOJ POW GMI RODZ                NAZWA              NAZWA_DOD     STAN_NA
9     02  01  06    2  Warta Bolesławiecka          gmina wiejska  2020-01-01
35    02  04  04    3               Wąsosz  gmina miejsko-wiejska  2020-01-01
36    02  04  04    4               Wąsosz                 miasto  2020-01-01
37    02  04  04    5               Wąsosz         obszar wiejski  2020-01-01
46    02  05  06    2      Wądroże Wielkie          gmina wiejska  2020-01-01
...   ..  ..  ..  ...                  ...                    ...         ...
4163  32  17  01    1                Wałcz          gmina miejska  2020-01-01
4173  32  17  05    2                Wałcz          gmina wiejska  2020-01-01
4185  32  18  05    3            Węgorzyno  gmina miejsko-wiejska  2020-01-01
4186  32  18  05    4            Węgorzyno                 miasto  2020-01-01
4187  32  18  05    5            Węgorzyno         obszar wiejski  2020-01-01

[272 rows x 7 columns]
[2020-11-12]  14:17:52    geolocbot INFO      [TERC] Result(s) for [field-Series].map(str).str.startswith('W'):
     WOJ POW GMI RODZ                NAZWA              NAZWA_DOD     STAN_NA
9     02  01  06    2  Warta Bolesławiecka          gmina wiejska  2020-01-01
35    02  04  04    3               Wąsosz  gmina miejsko-wiejska  2020-01-01
36    02  04  04    4               Wąsosz                 miasto  2020-01-01
37    02  04  04    5               Wąsosz         obszar wiejski  2020-01-01
46    02  05  06    2      Wądroże Wielkie          gmina wiejska  2020-01-01
...   ..  ..  ..  ...                  ...                    ...         ...
4163  32  17  01    1                Wałcz          gmina miejska  2020-01-01
4173  32  17  05    2                Wałcz          gmina wiejska  2020-01-01
4185  32  18  05    3            Węgorzyno  gmina miejsko-wiejska  2020-01-01
4186  32  18  05    4            Węgorzyno                 miasto  2020-01-01
4187  32  18  05    5            Węgorzyno         obszar wiejski  2020-01-01

[272 rows x 7 columns]
[2020-11-12]  14:18:16    geolocbot INFO      [TERC] Result(s) for [field-Series].map(str).str.startswith('W'):
     WOJ POW GMI RODZ                NAZWA              NAZWA_DOD     STAN_NA
9     02  01  06    2  Warta Bolesławiecka          gmina wiejska  2020-01-01
35    02  04  04    3               Wąsosz  gmina miejsko-wiejska  2020-01-01
36    02  04  04    4               Wąsosz                 miasto  2020-01-01
37    02  04  04    5               Wąsosz         obszar wiejski  2020-01-01
46    02  05  06    2      Wądroże Wielkie          gmina wiejska  2020-01-01
...   ..  ..  ..  ...                  ...                    ...         ...
4163  32  17  01    1                Wałcz          gmina miejska  2020-01-01
4173  32  17  05    2                Wałcz          gmina wiejska  2020-01-01
4185  32  18  05    3            Węgorzyno  gmina miejsko-wiejska  2020-01-01
4186  32  18  05    4            Węgorzyno                 miasto  2020-01-01
4187  32  18  05    5            Węgorzyno         obszar wiejski  2020-01-01

[272 rows x 7 columns]
[2020-11-12]  14:18:16    pywiki    CRITICAL  Exiting due to uncaught exception <class 'AttributeError'>
[2020-11-12]  14:18:31    geolocbot INFO      [TERC] Result(s) for [field-Series].map(str).str.startswith('W'):
     WOJ POW GMI RODZ                NAZWA              NAZWA_DOD     STAN_NA
9     02  01  06    2  Warta Bolesławiecka          gmina wiejska  2020-01-01
35    02  04  04    3               Wąsosz  gmina miejsko-wiejska  2020-01-01
36    02  04  04    4               Wąsosz                 miasto  2020-01-01
37    02  04  04    5               Wąsosz         obszar wiejski  2020-01-01
46    02  05  06    2      Wądroże Wielkie          gmina wiejska  2020-01-01
...   ..  ..  ..  ...                  ...                    ...         ...
4163  32  17  01    1                Wałcz          gmina miejska  2020-01-01
4173  32  17  05    2                Wałcz          gmina wiejska  2020-01-01
4185  32  18  05    3            Węgorzyno  gmina miejsko-wiejska  2020-01-01
4186  32  18  05    4            Węgorzyno                 miasto  2020-01-01
4187  32  18  05    5            Węgorzyno         obszar wiejski  2020-01-01

[272 rows x 7 columns]
[2020-11-12]  14:18:31    pywiki    CRITICAL  Exiting due to uncaught exception <class 'AttributeError'>
[2020-11-12]  14:19:10    geolocbot INFO      [TERC] Result(s) for [field-Series].map(str).str.startswith('W'):
     WOJ POW GMI RODZ                NAZWA              NAZWA_DOD     STAN_NA
9     02  01  06    2  Warta Bolesławiecka          gmina wiejska  2020-01-01
35    02  04  04    3               Wąsosz  gmina miejsko-wiejska  2020-01-01
36    02  04  04    4               Wąsosz                 miasto  2020-01-01
37    02  04  04    5               Wąsosz         obszar wiejski  2020-01-01
46    02  05  06    2      Wądroże Wielkie          gmina wiejska  2020-01-01
...   ..  ..  ..  ...                  ...                    ...         ...
4163  32  17  01    1                Wałcz          gmina miejska  2020-01-01
4173  32  17  05    2                Wałcz          gmina wiejska  2020-01-01
4185  32  18  05    3            Węgorzyno  gmina miejsko-wiejska  2020-01-01
4186  32  18  05    4            Węgorzyno                 miasto  2020-01-01
4187  32  18  05    5            Węgorzyno         obszar wiejski  2020-01-01

[272 rows x 7 columns]
[2020-11-12]  14:19:10    pywiki    CRITICAL  Exiting due to uncaught exception <class 'AttributeError'>
[2020-11-12]  14:19:18    geolocbot INFO      [TERC] Result(s) for [field-Series].map(str).str.startswith('W'):
     WOJ POW GMI RODZ                NAZWA              NAZWA_DOD     STAN_NA
9     02  01  06    2  Warta Bolesławiecka          gmina wiejska  2020-01-01
35    02  04  04    3               Wąsosz  gmina miejsko-wiejska  2020-01-01
36    02  04  04    4               Wąsosz                 miasto  2020-01-01
37    02  04  04    5               Wąsosz         obszar wiejski  2020-01-01
46    02  05  06    2      Wądroże Wielkie          gmina wiejska  2020-01-01
...   ..  ..  ..  ...                  ...                    ...         ...
4163  32  17  01    1                Wałcz          gmina miejska  2020-01-01
4173  32  17  05    2                Wałcz          gmina wiejska  2020-01-01
4185  32  18  05    3            Węgorzyno  gmina miejsko-wiejska  2020-01-01
4186  32  18  05    4            Węgorzyno                 miasto  2020-01-01
4187  32  18  05    5            Węgorzyno         obszar wiejski  2020-01-01

[272 rows x 7 columns]
[2020-11-12]  14:19:18    pywiki    CRITICAL  Exiting due to uncaught exception <class 'AttributeError'>
[2020-11-12]  14:19:38    geolocbot INFO      [TERC] Result(s) for [field-Series].map(str).str.startswith('W'):
     WOJ POW GMI RODZ                NAZWA              NAZWA_DOD     STAN_NA
9     02  01  06    2  Warta Bolesławiecka          gmina wiejska  2020-01-01
35    02  04  04    3               Wąsosz  gmina miejsko-wiejska  2020-01-01
36    02  04  04    4               Wąsosz                 miasto  2020-01-01
37    02  04  04    5               Wąsosz         obszar wiejski  2020-01-01
46    02  05  06    2      Wądroże Wielkie          gmina wiejska  2020-01-01
...   ..  ..  ..  ...                  ...                    ...         ...
4163  32  17  01    1                Wałcz          gmina miejska  2020-01-01
4173  32  17  05    2                Wałcz          gmina wiejska  2020-01-01
4185  32  18  05    3            Węgorzyno  gmina miejsko-wiejska  2020-01-01
4186  32  18  05    4            Węgorzyno                 miasto  2020-01-01
4187  32  18  05    5            Węgorzyno         obszar wiejski  2020-01-01

[272 rows x 7 columns]
[2020-11-12]  14:19:38    pywiki    CRITICAL  Exiting due to uncaught exception <class 'AttributeError'>
[2020-11-12]  14:20:06    geolocbot INFO      [TERC] Result(s) for [field-Series].map(str).str.startswith('W'):
     WOJ POW GMI RODZ                NAZWA              NAZWA_DOD     STAN_NA
9     02  01  06    2  Warta Bolesławiecka          gmina wiejska  2020-01-01
35    02  04  04    3               Wąsosz  gmina miejsko-wiejska  2020-01-01
36    02  04  04    4               Wąsosz                 miasto  2020-01-01
37    02  04  04    5               Wąsosz         obszar wiejski  2020-01-01
46    02  05  06    2      Wądroże Wielkie          gmina wiejska  2020-01-01
...   ..  ..  ..  ...                  ...                    ...         ...
4163  32  17  01    1                Wałcz          gmina miejska  2020-01-01
4173  32  17  05    2                Wałcz          gmina wiejska  2020-01-01
4185  32  18  05    3            Węgorzyno  gmina miejsko-wiejska  2020-01-01
4186  32  18  05    4            Węgorzyno                 miasto  2020-01-01
4187  32  18  05    5            Węgorzyno         obszar wiejski  2020-01-01

[272 rows x 7 columns]
[2020-11-12]  14:20:06    pywiki    CRITICAL  Exiting due to uncaught exception <class 'AttributeError'>
[2020-11-12]  14:22:17    geolocbot INFO      [TERC] Result(s) for [field-Series].map(str).str.startswith('W'):
     WOJ POW GMI RODZ                NAZWA              NAZWA_DOD     STAN_NA
9     02  01  06    2  Warta Bolesławiecka          gmina wiejska  2020-01-01
35    02  04  04    3               Wąsosz  gmina miejsko-wiejska  2020-01-01
36    02  04  04    4               Wąsosz                 miasto  2020-01-01
37    02  04  04    5               Wąsosz         obszar wiejski  2020-01-01
46    02  05  06    2      Wądroże Wielkie          gmina wiejska  2020-01-01
...   ..  ..  ..  ...                  ...                    ...         ...
4163  32  17  01    1                Wałcz          gmina miejska  2020-01-01
4173  32  17  05    2                Wałcz          gmina wiejska  2020-01-01
4185  32  18  05    3            Węgorzyno  gmina miejsko-wiejska  2020-01-01
4186  32  18  05    4            Węgorzyno                 miasto  2020-01-01
4187  32  18  05    5            Węgorzyno         obszar wiejski  2020-01-01

[272 rows x 7 columns]
[2020-11-12]  14:22:18    pywiki    CRITICAL  Exiting due to uncaught exception <class 'AttributeError'>
[2020-11-12]  14:23:07    geolocbot INFO      [TERC] Result(s) for [field-Series].map(str).str.startswith('W'):
     WOJ POW GMI RODZ                NAZWA              NAZWA_DOD     STAN_NA
9     02  01  06    2  Warta Bolesławiecka          gmina wiejska  2020-01-01
35    02  04  04    3               Wąsosz  gmina miejsko-wiejska  2020-01-01
36    02  04  04    4               Wąsosz                 miasto  2020-01-01
37    02  04  04    5               Wąsosz         obszar wiejski  2020-01-01
46    02  05  06    2      Wądroże Wielkie          gmina wiejska  2020-01-01
...   ..  ..  ..  ...                  ...                    ...         ...
4163  32  17  01    1                Wałcz          gmina miejska  2020-01-01
4173  32  17  05    2                Wałcz          gmina wiejska  2020-01-01
4185  32  18  05    3            Węgorzyno  gmina miejsko-wiejska  2020-01-01
4186  32  18  05    4            Węgorzyno                 miasto  2020-01-01
4187  32  18  05    5            Węgorzyno         obszar wiejski  2020-01-01

[272 rows x 7 columns]
[2020-11-12]  14:23:07    pywiki    CRITICAL  Exiting due to uncaught exception <class 'AttributeError'>
[2020-11-12]  14:23:33    geolocbot INFO      [TERC] Result(s) for [field-Series].map(str).str.startswith('W'):
     WOJ POW GMI RODZ                NAZWA              NAZWA_DOD     STAN_NA
9     02  01  06    2  Warta Bolesławiecka          gmina wiejska  2020-01-01
35    02  04  04    3               Wąsosz  gmina miejsko-wiejska  2020-01-01
36    02  04  04    4               Wąsosz                 miasto  2020-01-01
37    02  04  04    5               Wąsosz         obszar wiejski  2020-01-01
46    02  05  06    2      Wądroże Wielkie          gmina wiejska  2020-01-01
...   ..  ..  ..  ...                  ...                    ...         ...
4163  32  17  01    1                Wałcz          gmina miejska  2020-01-01
4173  32  17  05    2                Wałcz          gmina wiejska  2020-01-01
4185  32  18  05    3            Węgorzyno  gmina miejsko-wiejska  2020-01-01
4186  32  18  05    4            Węgorzyno                 miasto  2020-01-01
4187  32  18  05    5            Węgorzyno         obszar wiejski  2020-01-01

[272 rows x 7 columns]
[2020-11-12]  14:24:50    geolocbot INFO      [TERC] Result(s) for [field-Series].map(str).str.startswith('W'):
     WOJ POW GMI RODZ                NAZWA              NAZWA_DOD     STAN_NA
9     02  01  06    2  Warta Bolesławiecka          gmina wiejska  2020-01-01
35    02  04  04    3               Wąsosz  gmina miejsko-wiejska  2020-01-01
36    02  04  04    4               Wąsosz                 miasto  2020-01-01
37    02  04  04    5               Wąsosz         obszar wiejski  2020-01-01
46    02  05  06    2      Wądroże Wielkie          gmina wiejska  2020-01-01
...   ..  ..  ..  ...                  ...                    ...         ...
4163  32  17  01    1                Wałcz          gmina miejska  2020-01-01
4173  32  17  05    2                Wałcz          gmina wiejska  2020-01-01
4185  32  18  05    3            Węgorzyno  gmina miejsko-wiejska  2020-01-01
4186  32  18  05    4            Węgorzyno                 miasto  2020-01-01
4187  32  18  05    5            Węgorzyno         obszar wiejski  2020-01-01

[272 rows x 7 columns]
[2020-11-12]  14:25:52    geolocbot INFO      [TERC] Result(s) for [field-Series].map(str).str.startswith('W'):
     WOJ POW GMI RODZ                NAZWA              NAZWA_DOD     STAN_NA
9     02  01  06    2  Warta Bolesławiecka          gmina wiejska  2020-01-01
35    02  04  04    3               Wąsosz  gmina miejsko-wiejska  2020-01-01
36    02  04  04    4               Wąsosz                 miasto  2020-01-01
37    02  04  04    5               Wąsosz         obszar wiejski  2020-01-01
46    02  05  06    2      Wądroże Wielkie          gmina wiejska  2020-01-01
...   ..  ..  ..  ...                  ...                    ...         ...
4163  32  17  01    1                Wałcz          gmina miejska  2020-01-01
4173  32  17  05    2                Wałcz          gmina wiejska  2020-01-01
4185  32  18  05    3            Węgorzyno  gmina miejsko-wiejska  2020-01-01
4186  32  18  05    4            Węgorzyno                 miasto  2020-01-01
4187  32  18  05    5            Węgorzyno         obszar wiejski  2020-01-01

[272 rows x 7 columns]
[2020-11-12]  14:27:06    geolocbot INFO      [TERC] Result(s) for [field-Series].map(str).str.startswith('W'):
     WOJ POW GMI RODZ                NAZWA              NAZWA_DOD     STAN_NA
9     02  01  06    2  Warta Bolesławiecka          gmina wiejska  2020-01-01
35    02  04  04    3               Wąsosz  gmina miejsko-wiejska  2020-01-01
36    02  04  04    4               Wąsosz                 miasto  2020-01-01
37    02  04  04    5               Wąsosz         obszar wiejski  2020-01-01
46    02  05  06    2      Wądroże Wielkie          gmina wiejska  2020-01-01
...   ..  ..  ..  ...                  ...                    ...         ...
4163  32  17  01    1                Wałcz          gmina miejska  2020-01-01
4173  32  17  05    2                Wałcz          gmina wiejska  2020-01-01
4185  32  18  05    3            Węgorzyno  gmina miejsko-wiejska  2020-01-01
4186  32  18  05    4            Węgorzyno                 miasto  2020-01-01
4187  32  18  05    5            Węgorzyno         obszar wiejski  2020-01-01

[272 rows x 7 columns]
[2020-11-12]  14:27:21    geolocbot INFO      [TERC] Result(s) for [field-Series].map(str).str.startswith('W'):
     WOJ POW GMI RODZ                NAZWA              NAZWA_DOD     STAN_NA
9     02  01  06    2  Warta Bolesławiecka          gmina wiejska  2020-01-01
35    02  04  04    3               Wąsosz  gmina miejsko-wiejska  2020-01-01
36    02  04  04    4               Wąsosz                 miasto  2020-01-01
37    02  04  04    5               Wąsosz         obszar wiejski  2020-01-01
46    02  05  06    2      Wądroże Wielkie          gmina wiejska  2020-01-01
...   ..  ..  ..  ...                  ...                    ...         ...
4163  32  17  01    1                Wałcz          gmina miejska  2020-01-01
4173  32  17  05    2                Wałcz          gmina wiejska  2020-01-01
4185  32  18  05    3            Węgorzyno  gmina miejsko-wiejska  2020-01-01
4186  32  18  05    4            Węgorzyno                 miasto  2020-01-01
4187  32  18  05    5            Węgorzyno         obszar wiejski  2020-01-01

[272 rows x 7 columns]
[2020-11-12]  14:27:22    pywiki    CRITICAL  Exiting due to uncaught exception <class 'AssertionError'>
[2020-11-12]  14:30:36    geolocbot INFO      [TERC] Result(s) for [field-Series].map(str).str.startswith('W'):
     WOJ POW GMI RODZ                NAZWA              NAZWA_DOD     STAN_NA
9     02  01  06    2  Warta Bolesławiecka          gmina wiejska  2020-01-01
35    02  04  04    3               Wąsosz  gmina miejsko-wiejska  2020-01-01
36    02  04  04    4               Wąsosz                 miasto  2020-01-01
37    02  04  04    5               Wąsosz         obszar wiejski  2020-01-01
46    02  05  06    2      Wądroże Wielkie          gmina wiejska  2020-01-01
...   ..  ..  ..  ...                  ...                    ...         ...
4163  32  17  01    1                Wałcz          gmina miejska  2020-01-01
4173  32  17  05    2                Wałcz          gmina wiejska  2020-01-01
4185  32  18  05    3            Węgorzyno  gmina miejsko-wiejska  2020-01-01
4186  32  18  05    4            Węgorzyno                 miasto  2020-01-01
4187  32  18  05    5            Węgorzyno         obszar wiejski  2020-01-01

[272 rows x 7 columns]
[2020-11-12]  14:31:24    geolocbot INFO      [TERC] Result(s) for [field-Series].map(str).str.startswith('W'):
     WOJ POW GMI RODZ                NAZWA              NAZWA_DOD     STAN_NA
9     02  01  06    2  Warta Bolesławiecka          gmina wiejska  2020-01-01
35    02  04  04    3               Wąsosz  gmina miejsko-wiejska  2020-01-01
36    02  04  04    4               Wąsosz                 miasto  2020-01-01
37    02  04  04    5               Wąsosz         obszar wiejski  2020-01-01
46    02  05  06    2      Wądroże Wielkie          gmina wiejska  2020-01-01
...   ..  ..  ..  ...                  ...                    ...         ...
4163  32  17  01    1                Wałcz          gmina miejska  2020-01-01
4173  32  17  05    2                Wałcz          gmina wiejska  2020-01-01
4185  32  18  05    3            Węgorzyno  gmina miejsko-wiejska  2020-01-01
4186  32  18  05    4            Węgorzyno                 miasto  2020-01-01
4187  32  18  05    5            Węgorzyno         obszar wiejski  2020-01-01

[272 rows x 7 columns]
[2020-11-12]  14:31:44    geolocbot INFO      [TERC] Result(s) for [field-Series].map(str).str.startswith('W'):
     WOJ POW GMI RODZ                NAZWA              NAZWA_DOD     STAN_NA
9     02  01  06    2  Warta Bolesławiecka          gmina wiejska  2020-01-01
35    02  04  04    3               Wąsosz  gmina miejsko-wiejska  2020-01-01
36    02  04  04    4               Wąsosz                 miasto  2020-01-01
37    02  04  04    5               Wąsosz         obszar wiejski  2020-01-01
46    02  05  06    2      Wądroże Wielkie          gmina wiejska  2020-01-01
...   ..  ..  ..  ...                  ...                    ...         ...
4163  32  17  01    1                Wałcz          gmina miejska  2020-01-01
4173  32  17  05    2                Wałcz          gmina wiejska  2020-01-01
4185  32  18  05    3            Węgorzyno  gmina miejsko-wiejska  2020-01-01
4186  32  18  05    4            Węgorzyno                 miasto  2020-01-01
4187  32  18  05    5            Węgorzyno         obszar wiejski  2020-01-01

[272 rows x 7 columns]
[2020-11-12]  14:33:04    geolocbot INFO      [TERC] Result(s) for [field-Series].map(str).str.startswith('W'):
     WOJ POW GMI RODZ                NAZWA              NAZWA_DOD     STAN_NA
9     02  01  06    2  Warta Bolesławiecka          gmina wiejska  2020-01-01
35    02  04  04    3               Wąsosz  gmina miejsko-wiejska  2020-01-01
36    02  04  04    4               Wąsosz                 miasto  2020-01-01
37    02  04  04    5               Wąsosz         obszar wiejski  2020-01-01
46    02  05  06    2      Wądroże Wielkie          gmina wiejska  2020-01-01
...   ..  ..  ..  ...                  ...                    ...         ...
4163  32  17  01    1                Wałcz          gmina miejska  2020-01-01
4173  32  17  05    2                Wałcz          gmina wiejska  2020-01-01
4185  32  18  05    3            Węgorzyno  gmina miejsko-wiejska  2020-01-01
4186  32  18  05    4            Węgorzyno                 miasto  2020-01-01
4187  32  18  05    5            Węgorzyno         obszar wiejski  2020-01-01

[272 rows x 7 columns]
[2020-11-12]  14:33:14    geolocbot INFO      [TERC] Result(s) for [field-Series].map(str).str.startswith('W'):
     WOJ POW GMI RODZ                NAZWA              NAZWA_DOD     STAN_NA
9     02  01  06    2  Warta Bolesławiecka          gmina wiejska  2020-01-01
35    02  04  04    3               Wąsosz  gmina miejsko-wiejska  2020-01-01
36    02  04  04    4               Wąsosz                 miasto  2020-01-01
37    02  04  04    5               Wąsosz         obszar wiejski  2020-01-01
46    02  05  06    2      Wądroże Wielkie          gmina wiejska  2020-01-01
...   ..  ..  ..  ...                  ...                    ...         ...
4163  32  17  01    1                Wałcz          gmina miejska  2020-01-01
4173  32  17  05    2                Wałcz          gmina wiejska  2020-01-01
4185  32  18  05    3            Węgorzyno  gmina miejsko-wiejska  2020-01-01
4186  32  18  05    4            Węgorzyno                 miasto  2020-01-01
4187  32  18  05    5            Węgorzyno         obszar wiejski  2020-01-01

[272 rows x 7 columns]
[2020-11-12]  14:35:17    geolocbot INFO      [TERC] Result(s) for [field-Series].map(str).str.startswith('W'):
     WOJ POW GMI RODZ                NAZWA              NAZWA_DOD     STAN_NA
9     02  01  06    2  Warta Bolesławiecka          gmina wiejska  2020-01-01
35    02  04  04    3               Wąsosz  gmina miejsko-wiejska  2020-01-01
36    02  04  04    4               Wąsosz                 miasto  2020-01-01
37    02  04  04    5               Wąsosz         obszar wiejski  2020-01-01
46    02  05  06    2      Wądroże Wielkie          gmina wiejska  2020-01-01
...   ..  ..  ..  ...                  ...                    ...         ...
4163  32  17  01    1                Wałcz          gmina miejska  2020-01-01
4173  32  17  05    2                Wałcz          gmina wiejska  2020-01-01
4185  32  18  05    3            Węgorzyno  gmina miejsko-wiejska  2020-01-01
4186  32  18  05    4            Węgorzyno                 miasto  2020-01-01
4187  32  18  05    5            Węgorzyno         obszar wiejski  2020-01-01

[272 rows x 7 columns]
[2020-11-12]  14:36:07    geolocbot INFO      [TERC] Result(s) for [field-Series].map(str).str.startswith('W'):
     WOJ POW GMI RODZ                NAZWA              NAZWA_DOD     STAN_NA
9     02  01  06    2  Warta Bolesławiecka          gmina wiejska  2020-01-01
35    02  04  04    3               Wąsosz  gmina miejsko-wiejska  2020-01-01
36    02  04  04    4               Wąsosz                 miasto  2020-01-01
37    02  04  04    5               Wąsosz         obszar wiejski  2020-01-01
46    02  05  06    2      Wądroże Wielkie          gmina wiejska  2020-01-01
...   ..  ..  ..  ...                  ...                    ...         ...
4163  32  17  01    1                Wałcz          gmina miejska  2020-01-01
4173  32  17  05    2                Wałcz          gmina wiejska  2020-01-01
4185  32  18  05    3            Węgorzyno  gmina miejsko-wiejska  2020-01-01
4186  32  18  05    4            Węgorzyno                 miasto  2020-01-01
4187  32  18  05    5            Węgorzyno         obszar wiejski  2020-01-01

[272 rows x 7 columns]
[2020-11-12]  14:36:19    geolocbot INFO      [TERC] Result(s) for [field-Series].map(str).str.startswith('W'):
     WOJ POW GMI RODZ                NAZWA              NAZWA_DOD     STAN_NA
9     02  01  06    2  Warta Bolesławiecka          gmina wiejska  2020-01-01
35    02  04  04    3               Wąsosz  gmina miejsko-wiejska  2020-01-01
36    02  04  04    4               Wąsosz                 miasto  2020-01-01
37    02  04  04    5               Wąsosz         obszar wiejski  2020-01-01
46    02  05  06    2      Wądroże Wielkie          gmina wiejska  2020-01-01
...   ..  ..  ..  ...                  ...                    ...         ...
4163  32  17  01    1                Wałcz          gmina miejska  2020-01-01
4173  32  17  05    2                Wałcz          gmina wiejska  2020-01-01
4185  32  18  05    3            Węgorzyno  gmina miejsko-wiejska  2020-01-01
4186  32  18  05    4            Węgorzyno                 miasto  2020-01-01
4187  32  18  05    5            Węgorzyno         obszar wiejski  2020-01-01

[272 rows x 7 columns]
[2020-11-12]  14:36:48    geolocbot INFO      [TERC] Result(s) for [field-Series].map(str).str.startswith('W'):
     WOJ POW GMI RODZ                NAZWA              NAZWA_DOD     STAN_NA
9     02  01  06    2  Warta Bolesławiecka          gmina wiejska  2020-01-01
35    02  04  04    3               Wąsosz  gmina miejsko-wiejska  2020-01-01
36    02  04  04    4               Wąsosz                 miasto  2020-01-01
37    02  04  04    5               Wąsosz         obszar wiejski  2020-01-01
46    02  05  06    2      Wądroże Wielkie          gmina wiejska  2020-01-01
...   ..  ..  ..  ...                  ...                    ...         ...
4163  32  17  01    1                Wałcz          gmina miejska  2020-01-01
4173  32  17  05    2                Wałcz          gmina wiejska  2020-01-01
4185  32  18  05    3            Węgorzyno  gmina miejsko-wiejska  2020-01-01
4186  32  18  05    4            Węgorzyno                 miasto  2020-01-01
4187  32  18  05    5            Węgorzyno         obszar wiejski  2020-01-01

[272 rows x 7 columns]
[2020-11-12]  14:37:10    geolocbot INFO      [TERC] Result(s) for [field-Series].map(str).str.startswith('W'):
     WOJ POW GMI RODZ                NAZWA              NAZWA_DOD     STAN_NA
9     02  01  06    2  Warta Bolesławiecka          gmina wiejska  2020-01-01
35    02  04  04    3               Wąsosz  gmina miejsko-wiejska  2020-01-01
36    02  04  04    4               Wąsosz                 miasto  2020-01-01
37    02  04  04    5               Wąsosz         obszar wiejski  2020-01-01
46    02  05  06    2      Wądroże Wielkie          gmina wiejska  2020-01-01
...   ..  ..  ..  ...                  ...                    ...         ...
4163  32  17  01    1                Wałcz          gmina miejska  2020-01-01
4173  32  17  05    2                Wałcz          gmina wiejska  2020-01-01
4185  32  18  05    3            Węgorzyno  gmina miejsko-wiejska  2020-01-01
4186  32  18  05    4            Węgorzyno                 miasto  2020-01-01
4187  32  18  05    5            Węgorzyno         obszar wiejski  2020-01-01

[272 rows x 7 columns]
[2020-11-12]  14:38:12    geolocbot INFO      [TERC] Result(s) for [field-Series].map(str).str.startswith('W'):
     WOJ POW GMI RODZ                NAZWA              NAZWA_DOD     STAN_NA
9     02  01  06    2  Warta Bolesławiecka          gmina wiejska  2020-01-01
35    02  04  04    3               Wąsosz  gmina miejsko-wiejska  2020-01-01
36    02  04  04    4               Wąsosz                 miasto  2020-01-01
37    02  04  04    5               Wąsosz         obszar wiejski  2020-01-01
46    02  05  06    2      Wądroże Wielkie          gmina wiejska  2020-01-01
...   ..  ..  ..  ...                  ...                    ...         ...
4163  32  17  01    1                Wałcz          gmina miejska  2020-01-01
4173  32  17  05    2                Wałcz          gmina wiejska  2020-01-01
4185  32  18  05    3            Węgorzyno  gmina miejsko-wiejska  2020-01-01
4186  32  18  05    4            Węgorzyno                 miasto  2020-01-01
4187  32  18  05    5            Węgorzyno         obszar wiejski  2020-01-01

[272 rows x 7 columns]
[2020-11-12]  14:38:23    geolocbot INFO      [TERC] Result(s) for [field-Series].map(str).str.startswith('W'):
     WOJ POW GMI RODZ                NAZWA              NAZWA_DOD     STAN_NA
9     02  01  06    2  Warta Bolesławiecka          gmina wiejska  2020-01-01
35    02  04  04    3               Wąsosz  gmina miejsko-wiejska  2020-01-01
36    02  04  04    4               Wąsosz                 miasto  2020-01-01
37    02  04  04    5               Wąsosz         obszar wiejski  2020-01-01
46    02  05  06    2      Wądroże Wielkie          gmina wiejska  2020-01-01
...   ..  ..  ..  ...                  ...                    ...         ...
4163  32  17  01    1                Wałcz          gmina miejska  2020-01-01
4173  32  17  05    2                Wałcz          gmina wiejska  2020-01-01
4185  32  18  05    3            Węgorzyno  gmina miejsko-wiejska  2020-01-01
4186  32  18  05    4            Węgorzyno                 miasto  2020-01-01
4187  32  18  05    5            Węgorzyno         obszar wiejski  2020-01-01

[272 rows x 7 columns]
[2020-11-12]  14:38:23    pywiki    CRITICAL  Exiting due to uncaught exception <class 'AttributeError'>
[2020-11-12]  14:38:38    geolocbot INFO      [TERC] Result(s) for [field-Series].map(str).str.startswith('W'):
     WOJ POW GMI RODZ                NAZWA              NAZWA_DOD     STAN_NA
9     02  01  06    2  Warta Bolesławiecka          gmina wiejska  2020-01-01
35    02  04  04    3               Wąsosz  gmina miejsko-wiejska  2020-01-01
36    02  04  04    4               Wąsosz                 miasto  2020-01-01
37    02  04  04    5               Wąsosz         obszar wiejski  2020-01-01
46    02  05  06    2      Wądroże Wielkie          gmina wiejska  2020-01-01
...   ..  ..  ..  ...                  ...                    ...         ...
4163  32  17  01    1                Wałcz          gmina miejska  2020-01-01
4173  32  17  05    2                Wałcz          gmina wiejska  2020-01-01
4185  32  18  05    3            Węgorzyno  gmina miejsko-wiejska  2020-01-01
4186  32  18  05    4            Węgorzyno                 miasto  2020-01-01
4187  32  18  05    5            Węgorzyno         obszar wiejski  2020-01-01

[272 rows x 7 columns]
[2020-11-12]  14:38:38    pywiki    CRITICAL  Exiting due to uncaught exception <class 'TypeError'>
[2020-11-12]  14:38:48    geolocbot INFO      [TERC] Result(s) for [field-Series].map(str).str.startswith('W'):
     WOJ POW GMI RODZ                NAZWA              NAZWA_DOD     STAN_NA
9     02  01  06    2  Warta Bolesławiecka          gmina wiejska  2020-01-01
35    02  04  04    3               Wąsosz  gmina miejsko-wiejska  2020-01-01
36    02  04  04    4               Wąsosz                 miasto  2020-01-01
37    02  04  04    5               Wąsosz         obszar wiejski  2020-01-01
46    02  05  06    2      Wądroże Wielkie          gmina wiejska  2020-01-01
...   ..  ..  ..  ...                  ...                    ...         ...
4163  32  17  01    1                Wałcz          gmina miejska  2020-01-01
4173  32  17  05    2                Wałcz          gmina wiejska  2020-01-01
4185  32  18  05    3            Węgorzyno  gmina miejsko-wiejska  2020-01-01
4186  32  18  05    4            Węgorzyno                 miasto  2020-01-01
4187  32  18  05    5            Węgorzyno         obszar wiejski  2020-01-01

[272 rows x 7 columns]
[2020-11-12]  14:40:22    geolocbot INFO      [TERC] Result(s) for [field-Series].map(str).str.startswith('W'):
     WOJ POW GMI RODZ                NAZWA              NAZWA_DOD     STAN_NA
9     02  01  06    2  Warta Bolesławiecka          gmina wiejska  2020-01-01
35    02  04  04    3               Wąsosz  gmina miejsko-wiejska  2020-01-01
36    02  04  04    4               Wąsosz                 miasto  2020-01-01
37    02  04  04    5               Wąsosz         obszar wiejski  2020-01-01
46    02  05  06    2      Wądroże Wielkie          gmina wiejska  2020-01-01
...   ..  ..  ..  ...                  ...                    ...         ...
4163  32  17  01    1                Wałcz          gmina miejska  2020-01-01
4173  32  17  05    2                Wałcz          gmina wiejska  2020-01-01
4185  32  18  05    3            Węgorzyno  gmina miejsko-wiejska  2020-01-01
4186  32  18  05    4            Węgorzyno                 miasto  2020-01-01
4187  32  18  05    5            Węgorzyno         obszar wiejski  2020-01-01

[272 rows x 7 columns]
[2020-11-12]  14:40:55    geolocbot INFO      [TERC] Result(s) for [field-Series].map(str).str.startswith('W'):
     WOJ POW GMI RODZ                NAZWA              NAZWA_DOD     STAN_NA
9     02  01  06    2  Warta Bolesławiecka          gmina wiejska  2020-01-01
35    02  04  04    3               Wąsosz  gmina miejsko-wiejska  2020-01-01
36    02  04  04    4               Wąsosz                 miasto  2020-01-01
37    02  04  04    5               Wąsosz         obszar wiejski  2020-01-01
46    02  05  06    2      Wądroże Wielkie          gmina wiejska  2020-01-01
...   ..  ..  ..  ...                  ...                    ...         ...
4163  32  17  01    1                Wałcz          gmina miejska  2020-01-01
4173  32  17  05    2                Wałcz          gmina wiejska  2020-01-01
4185  32  18  05    3            Węgorzyno  gmina miejsko-wiejska  2020-01-01
4186  32  18  05    4            Węgorzyno                 miasto  2020-01-01
4187  32  18  05    5            Węgorzyno         obszar wiejski  2020-01-01

[272 rows x 7 columns]
[2020-11-12]  14:41:02    geolocbot INFO      [TERC] Result(s) for [field-Series].map(str).str.startswith('W'):
     WOJ POW GMI RODZ                NAZWA              NAZWA_DOD     STAN_NA
9     02  01  06    2  Warta Bolesławiecka          gmina wiejska  2020-01-01
35    02  04  04    3               Wąsosz  gmina miejsko-wiejska  2020-01-01
36    02  04  04    4               Wąsosz                 miasto  2020-01-01
37    02  04  04    5               Wąsosz         obszar wiejski  2020-01-01
46    02  05  06    2      Wądroże Wielkie          gmina wiejska  2020-01-01
...   ..  ..  ..  ...                  ...                    ...         ...
4163  32  17  01    1                Wałcz          gmina miejska  2020-01-01
4173  32  17  05    2                Wałcz          gmina wiejska  2020-01-01
4185  32  18  05    3            Węgorzyno  gmina miejsko-wiejska  2020-01-01
4186  32  18  05    4            Węgorzyno                 miasto  2020-01-01
4187  32  18  05    5            Węgorzyno         obszar wiejski  2020-01-01

[272 rows x 7 columns]
[2020-11-12]  14:41:28    geolocbot INFO      [TERC] Result(s) for [field-Series].map(str).str.startswith('w'):
     WOJ POW GMI RODZ                NAZWA              NAZWA_DOD     STAN_NA
9     02  01  06    2  Warta Bolesławiecka          gmina wiejska  2020-01-01
35    02  04  04    3               Wąsosz  gmina miejsko-wiejska  2020-01-01
36    02  04  04    4               Wąsosz                 miasto  2020-01-01
37    02  04  04    5               Wąsosz         obszar wiejski  2020-01-01
46    02  05  06    2      Wądroże Wielkie          gmina wiejska  2020-01-01
...   ..  ..  ..  ...                  ...                    ...         ...
4163  32  17  01    1                Wałcz          gmina miejska  2020-01-01
4173  32  17  05    2                Wałcz          gmina wiejska  2020-01-01
4185  32  18  05    3            Węgorzyno  gmina miejsko-wiejska  2020-01-01
4186  32  18  05    4            Węgorzyno                 miasto  2020-01-01
4187  32  18  05    5            Węgorzyno         obszar wiejski  2020-01-01

[272 rows x 7 columns]
[2020-11-12]  14:41:41    geolocbot INFO      [TERC] Result(s) for [field-Series].map(str).str.startswith('w'):
     WOJ POW GMI RODZ                NAZWA              NAZWA_DOD     STAN_NA
9     02  01  06    2  Warta Bolesławiecka          gmina wiejska  2020-01-01
35    02  04  04    3               Wąsosz  gmina miejsko-wiejska  2020-01-01
36    02  04  04    4               Wąsosz                 miasto  2020-01-01
37    02  04  04    5               Wąsosz         obszar wiejski  2020-01-01
46    02  05  06    2      Wądroże Wielkie          gmina wiejska  2020-01-01
...   ..  ..  ..  ...                  ...                    ...         ...
4163  32  17  01    1                Wałcz          gmina miejska  2020-01-01
4173  32  17  05    2                Wałcz          gmina wiejska  2020-01-01
4185  32  18  05    3            Węgorzyno  gmina miejsko-wiejska  2020-01-01
4186  32  18  05    4            Węgorzyno                 miasto  2020-01-01
4187  32  18  05    5            Węgorzyno         obszar wiejski  2020-01-01

[272 rows x 7 columns]
[2020-11-12]  14:42:17    geolocbot INFO      [TERC] Result(s) for [field-Series].map(str).str.startswith('w'):
     WOJ POW GMI RODZ                NAZWA              NAZWA_DOD     STAN_NA
9     02  01  06    2  Warta Bolesławiecka          gmina wiejska  2020-01-01
35    02  04  04    3               Wąsosz  gmina miejsko-wiejska  2020-01-01
36    02  04  04    4               Wąsosz                 miasto  2020-01-01
37    02  04  04    5               Wąsosz         obszar wiejski  2020-01-01
46    02  05  06    2      Wądroże Wielkie          gmina wiejska  2020-01-01
...   ..  ..  ..  ...                  ...                    ...         ...
4163  32  17  01    1                Wałcz          gmina miejska  2020-01-01
4173  32  17  05    2                Wałcz          gmina wiejska  2020-01-01
4185  32  18  05    3            Węgorzyno  gmina miejsko-wiejska  2020-01-01
4186  32  18  05    4            Węgorzyno                 miasto  2020-01-01
4187  32  18  05    5            Węgorzyno         obszar wiejski  2020-01-01

[272 rows x 7 columns]
[2020-11-12]  14:42:27    geolocbot INFO      [TERC] Result(s) for [field-Series].map(str).str.startswith('w'):
     WOJ POW GMI RODZ                NAZWA              NAZWA_DOD     STAN_NA
9     02  01  06    2  Warta Bolesławiecka          gmina wiejska  2020-01-01
35    02  04  04    3               Wąsosz  gmina miejsko-wiejska  2020-01-01
36    02  04  04    4               Wąsosz                 miasto  2020-01-01
37    02  04  04    5               Wąsosz         obszar wiejski  2020-01-01
46    02  05  06    2      Wądroże Wielkie          gmina wiejska  2020-01-01
...   ..  ..  ..  ...                  ...                    ...         ...
4163  32  17  01    1                Wałcz          gmina miejska  2020-01-01
4173  32  17  05    2                Wałcz          gmina wiejska  2020-01-01
4185  32  18  05    3            Węgorzyno  gmina miejsko-wiejska  2020-01-01
4186  32  18  05    4            Węgorzyno                 miasto  2020-01-01
4187  32  18  05    5            Węgorzyno         obszar wiejski  2020-01-01

[272 rows x 7 columns]
[2020-11-12]  14:43:09    geolocbot INFO      [TERC] Result(s) for [field-Series].map(str).str.startswith('w'):
     WOJ POW GMI RODZ                NAZWA              NAZWA_DOD     STAN_NA
9     02  01  06    2  Warta Bolesławiecka          gmina wiejska  2020-01-01
35    02  04  04    3               Wąsosz  gmina miejsko-wiejska  2020-01-01
36    02  04  04    4               Wąsosz                 miasto  2020-01-01
37    02  04  04    5               Wąsosz         obszar wiejski  2020-01-01
46    02  05  06    2      Wądroże Wielkie          gmina wiejska  2020-01-01
...   ..  ..  ..  ...                  ...                    ...         ...
4163  32  17  01    1                Wałcz          gmina miejska  2020-01-01
4173  32  17  05    2                Wałcz          gmina wiejska  2020-01-01
4185  32  18  05    3            Węgorzyno  gmina miejsko-wiejska  2020-01-01
4186  32  18  05    4            Węgorzyno                 miasto  2020-01-01
4187  32  18  05    5            Węgorzyno         obszar wiejski  2020-01-01

[272 rows x 7 columns]
[2020-11-12]  14:43:50    geolocbot INFO      [TERC] Result(s) for [field-Series].map(str).str.startswith('w'):
     WOJ POW GMI RODZ                NAZWA              NAZWA_DOD     STAN_NA
9     02  01  06    2  Warta Bolesławiecka          gmina wiejska  2020-01-01
35    02  04  04    3               Wąsosz  gmina miejsko-wiejska  2020-01-01
36    02  04  04    4               Wąsosz                 miasto  2020-01-01
37    02  04  04    5               Wąsosz         obszar wiejski  2020-01-01
46    02  05  06    2      Wądroże Wielkie          gmina wiejska  2020-01-01
...   ..  ..  ..  ...                  ...                    ...         ...
4163  32  17  01    1                Wałcz          gmina miejska  2020-01-01
4173  32  17  05    2                Wałcz          gmina wiejska  2020-01-01
4185  32  18  05    3            Węgorzyno  gmina miejsko-wiejska  2020-01-01
4186  32  18  05    4            Węgorzyno                 miasto  2020-01-01
4187  32  18  05    5            Węgorzyno         obszar wiejski  2020-01-01

[272 rows x 7 columns]
[2020-11-12]  14:44:00    geolocbot INFO      [TERC] Result(s) for [field-Series].map(str).str.startswith('w'):
     WOJ POW GMI RODZ                NAZWA              NAZWA_DOD     STAN_NA
9     02  01  06    2  Warta Bolesławiecka          gmina wiejska  2020-01-01
35    02  04  04    3               Wąsosz  gmina miejsko-wiejska  2020-01-01
36    02  04  04    4               Wąsosz                 miasto  2020-01-01
37    02  04  04    5               Wąsosz         obszar wiejski  2020-01-01
46    02  05  06    2      Wądroże Wielkie          gmina wiejska  2020-01-01
...   ..  ..  ..  ...                  ...                    ...         ...
4163  32  17  01    1                Wałcz          gmina miejska  2020-01-01
4173  32  17  05    2                Wałcz          gmina wiejska  2020-01-01
4185  32  18  05    3            Węgorzyno  gmina miejsko-wiejska  2020-01-01
4186  32  18  05    4            Węgorzyno                 miasto  2020-01-01
4187  32  18  05    5            Węgorzyno         obszar wiejski  2020-01-01

[272 rows x 7 columns]
[2020-11-12]  14:44:08    geolocbot INFO      [TERC] Result(s) for [field-Series].map(str).str.startswith('w'):
     WOJ POW GMI RODZ                NAZWA              NAZWA_DOD     STAN_NA
9     02  01  06    2  Warta Bolesławiecka          gmina wiejska  2020-01-01
35    02  04  04    3               Wąsosz  gmina miejsko-wiejska  2020-01-01
36    02  04  04    4               Wąsosz                 miasto  2020-01-01
37    02  04  04    5               Wąsosz         obszar wiejski  2020-01-01
46    02  05  06    2      Wądroże Wielkie          gmina wiejska  2020-01-01
...   ..  ..  ..  ...                  ...                    ...         ...
4163  32  17  01    1                Wałcz          gmina miejska  2020-01-01
4173  32  17  05    2                Wałcz          gmina wiejska  2020-01-01
4185  32  18  05    3            Węgorzyno  gmina miejsko-wiejska  2020-01-01
4186  32  18  05    4            Węgorzyno                 miasto  2020-01-01
4187  32  18  05    5            Węgorzyno         obszar wiejski  2020-01-01

[272 rows x 7 columns]
[2020-11-12]  14:44:22    geolocbot INFO      [TERC] Result(s) for [field-Series].map(str).str.startswith('w'):
     WOJ POW  GMI RODZ                NAZWA NAZWA_DOD     STAN_NA
228   02  21  NaN  NaN           wałbrzyski    powiat  2020-01-01
241   02  22  NaN  NaN             wołowski    powiat  2020-01-01
249   02  23  NaN  NaN           wrocławski    powiat  2020-01-01
502   04  17  NaN  NaN            wąbrzeski    powiat  2020-01-01
508   04  18  NaN  NaN           włocławski    powiat  2020-01-01
810   06  19  NaN  NaN            włodawski    powiat  2020-01-01
1000  08  12  NaN  NaN            wschowski    powiat  2020-01-01
1214  10  17  NaN  NaN            wieluński    powiat  2020-01-01
1227  10  18  NaN  NaN         wieruszowski    powiat  2020-01-01
1545  12  18  NaN  NaN            wadowicki    powiat  2020-01-01
1562  12  19  NaN  NaN             wielicki    powiat  2020-01-01
1954  14  32  NaN  NaN  warszawski zachodni    powiat  2020-01-01
1968  14  33  NaN  NaN            węgrowski    powiat  2020-01-01
1980  14  34  NaN  NaN           wołomiński    powiat  2020-01-01
1999  14  35  NaN  NaN           wyszkowski    powiat  2020-01-01
2632  20  13  NaN  NaN     wysokomazowiecki    powiat  2020-01-01
2816  22  15  NaN  NaN          wejherowski    powiat  2020-01-01
3010  24  15  NaN  NaN         wodzisławski    powiat  2020-01-01
3277  26  13  NaN  NaN         włoszczowski    powiat  2020-01-01
3484  28  19  NaN  NaN          węgorzewski    powiat  2020-01-01
3889  30  28  NaN  NaN          wągrowiecki    powiat  2020-01-01
3901  30  29  NaN  NaN          wolsztyński    powiat  2020-01-01
3907  30  30  NaN  NaN           wrzesiński    powiat  2020-01-01
4162  32  17  NaN  NaN              wałecki    powiat  2020-01-01
[2020-11-12]  14:44:37    pywiki    CRITICAL  Exiting due to uncaught exception <class 'KeyError'>
[2020-11-12]  14:45:11    geolocbot INFO      [TERC] Result(s) for [field-Series].map(str).str equal to 'w':
     WOJ POW  GMI RODZ                NAZWA NAZWA_DOD     STAN_NA
228   02  21  NaN  NaN           wałbrzyski    powiat  2020-01-01
241   02  22  NaN  NaN             wołowski    powiat  2020-01-01
249   02  23  NaN  NaN           wrocławski    powiat  2020-01-01
502   04  17  NaN  NaN            wąbrzeski    powiat  2020-01-01
508   04  18  NaN  NaN           włocławski    powiat  2020-01-01
810   06  19  NaN  NaN            włodawski    powiat  2020-01-01
1000  08  12  NaN  NaN            wschowski    powiat  2020-01-01
1214  10  17  NaN  NaN            wieluński    powiat  2020-01-01
1227  10  18  NaN  NaN         wieruszowski    powiat  2020-01-01
1545  12  18  NaN  NaN            wadowicki    powiat  2020-01-01
1562  12  19  NaN  NaN             wielicki    powiat  2020-01-01
1954  14  32  NaN  NaN  warszawski zachodni    powiat  2020-01-01
1968  14  33  NaN  NaN            węgrowski    powiat  2020-01-01
1980  14  34  NaN  NaN           wołomiński    powiat  2020-01-01
1999  14  35  NaN  NaN           wyszkowski    powiat  2020-01-01
2632  20  13  NaN  NaN     wysokomazowiecki    powiat  2020-01-01
2816  22  15  NaN  NaN          wejherowski    powiat  2020-01-01
3010  24  15  NaN  NaN         wodzisławski    powiat  2020-01-01
3277  26  13  NaN  NaN         włoszczowski    powiat  2020-01-01
3484  28  19  NaN  NaN          węgorzewski    powiat  2020-01-01
3889  30  28  NaN  NaN          wągrowiecki    powiat  2020-01-01
3901  30  29  NaN  NaN          wolsztyński    powiat  2020-01-01
3907  30  30  NaN  NaN           wrzesiński    powiat  2020-01-01
4162  32  17  NaN  NaN              wałecki    powiat  2020-01-01
[2020-11-12]  14:45:25    geolocbot INFO      [TERC] Result(s) for [field-Series].map(str).str.match('w'):
     WOJ POW  GMI RODZ                NAZWA NAZWA_DOD     STAN_NA
228   02  21  NaN  NaN           wałbrzyski    powiat  2020-01-01
241   02  22  NaN  NaN             wołowski    powiat  2020-01-01
249   02  23  NaN  NaN           wrocławski    powiat  2020-01-01
502   04  17  NaN  NaN            wąbrzeski    powiat  2020-01-01
508   04  18  NaN  NaN           włocławski    powiat  2020-01-01
810   06  19  NaN  NaN            włodawski    powiat  2020-01-01
1000  08  12  NaN  NaN            wschowski    powiat  2020-01-01
1214  10  17  NaN  NaN            wieluński    powiat  2020-01-01
1227  10  18  NaN  NaN         wieruszowski    powiat  2020-01-01
1545  12  18  NaN  NaN            wadowicki    powiat  2020-01-01
1562  12  19  NaN  NaN             wielicki    powiat  2020-01-01
1954  14  32  NaN  NaN  warszawski zachodni    powiat  2020-01-01
1968  14  33  NaN  NaN            węgrowski    powiat  2020-01-01
1980  14  34  NaN  NaN           wołomiński    powiat  2020-01-01
1999  14  35  NaN  NaN           wyszkowski    powiat  2020-01-01
2632  20  13  NaN  NaN     wysokomazowiecki    powiat  2020-01-01
2816  22  15  NaN  NaN          wejherowski    powiat  2020-01-01
3010  24  15  NaN  NaN         wodzisławski    powiat  2020-01-01
3277  26  13  NaN  NaN         włoszczowski    powiat  2020-01-01
3484  28  19  NaN  NaN          węgorzewski    powiat  2020-01-01
3889  30  28  NaN  NaN          wągrowiecki    powiat  2020-01-01
3901  30  29  NaN  NaN          wolsztyński    powiat  2020-01-01
3907  30  30  NaN  NaN           wrzesiński    powiat  2020-01-01
4162  32  17  NaN  NaN              wałecki    powiat  2020-01-01
[2020-11-12]  14:45:49    geolocbot INFO      [TERC] Result(s) for [field-Series].map(str).str.match('w'):
     WOJ POW  GMI RODZ                NAZWA NAZWA_DOD     STAN_NA
228   02  21  NaN  NaN           wałbrzyski    powiat  2020-01-01
241   02  22  NaN  NaN             wołowski    powiat  2020-01-01
249   02  23  NaN  NaN           wrocławski    powiat  2020-01-01
502   04  17  NaN  NaN            wąbrzeski    powiat  2020-01-01
508   04  18  NaN  NaN           włocławski    powiat  2020-01-01
810   06  19  NaN  NaN            włodawski    powiat  2020-01-01
1000  08  12  NaN  NaN            wschowski    powiat  2020-01-01
1214  10  17  NaN  NaN            wieluński    powiat  2020-01-01
1227  10  18  NaN  NaN         wieruszowski    powiat  2020-01-01
1545  12  18  NaN  NaN            wadowicki    powiat  2020-01-01
1562  12  19  NaN  NaN             wielicki    powiat  2020-01-01
1954  14  32  NaN  NaN  warszawski zachodni    powiat  2020-01-01
1968  14  33  NaN  NaN            węgrowski    powiat  2020-01-01
1980  14  34  NaN  NaN           wołomiński    powiat  2020-01-01
1999  14  35  NaN  NaN           wyszkowski    powiat  2020-01-01
2632  20  13  NaN  NaN     wysokomazowiecki    powiat  2020-01-01
2816  22  15  NaN  NaN          wejherowski    powiat  2020-01-01
3010  24  15  NaN  NaN         wodzisławski    powiat  2020-01-01
3277  26  13  NaN  NaN         włoszczowski    powiat  2020-01-01
3484  28  19  NaN  NaN          węgorzewski    powiat  2020-01-01
3889  30  28  NaN  NaN          wągrowiecki    powiat  2020-01-01
3901  30  29  NaN  NaN          wolsztyński    powiat  2020-01-01
3907  30  30  NaN  NaN           wrzesiński    powiat  2020-01-01
4162  32  17  NaN  NaN              wałecki    powiat  2020-01-01
[2020-11-12]  14:48:17    pywiki    CRITICAL  Exiting due to uncaught exception <class 'TypeError'>
[2020-11-12]  14:49:05    pywiki    CRITICAL  Exiting due to uncaught exception <class 'KeyError'>
[2020-11-12]  14:56:10    pywiki    CRITICAL  Exiting due to uncaught exception <class 'TypeError'>
[2020-11-12]  14:56:24    pywiki    CRITICAL  Exiting due to uncaught exception <class 'KeyError'>
[2020-11-12]  14:58:40    pywiki    CRITICAL  Exiting due to uncaught exception <class 'TypeError'>
[2020-11-12]  14:58:50    pywiki    CRITICAL  Exiting due to uncaught exception <class 'KeyError'>
[2020-11-12]  14:59:43    pywiki    CRITICAL  Exiting due to uncaught exception <class 'AttributeError'>
[2020-11-12]  15:03:49    geolocbot INFO      [TERC] Entry frame not found.
[2020-11-12]  15:03:49    pywiki    CRITICAL  Exiting due to uncaught exception <class 'NameError'>
[2020-11-12]  15:04:02    geolocbot INFO      [TERC] Entry frame not found.
[2020-11-12]  15:04:02    pywiki    CRITICAL  Exiting due to uncaught exception <class 'NameError'>
[2020-11-12]  15:04:24    geolocbot INFO      [TERC] Entry frame not found.
[2020-11-12]  15:04:24    pywiki    CRITICAL  Exiting due to uncaught exception <class 'UnboundLocalError'>
[2020-11-12]  15:04:45    geolocbot INFO      [TERC] Entry frame not found.
[2020-11-12]  15:04:45    pywiki    CRITICAL  Exiting due to uncaught exception <class 'NameError'>
[2020-11-12]  15:05:52    geolocbot INFO      [TERC] Entry frame not found.
[2020-11-12]  15:05:52    geolocbot INFO      [TERC] Entry frame not found.
[2020-11-12]  15:06:59    geolocbot INFO      [TERC] Entry frame not found.
[2020-11-12]  15:06:59    geolocbot INFO      [TERC] Entry frame not found.
[2020-11-12]  15:07:10    geolocbot INFO      [TERC] Entry frame not found.
[2020-11-12]  15:07:10    geolocbot INFO      [TERC] Entry frame not found.
[2020-11-12]  15:07:40    geolocbot INFO      [TERC] Entry frame not found.
[2020-11-12]  15:07:40    geolocbot INFO      [TERC] Entry frame not found.
[2020-11-12]  15:07:48    geolocbot INFO      [TERC] Entry frame not found.
[2020-11-12]  15:08:06    geolocbot INFO      [TERC] Entry frame not found.
[2020-11-12]  15:08:19    geolocbot INFO      [TERC] Entry frame not found.
[2020-11-12]  15:08:30    geolocbot INFO      [TERC] Result(s) for [field-Series].map(str).str.match('warszawa'):
     WOJ POW  GMI  ...     NAZWA                             NAZWA_DOD     STAN_NA
2045  14  65  NaN  ...  Warszawa  miasto stołeczne, na prawach powiatu  2020-01-01
2046  14  65   01  ...  Warszawa       gmina miejska, miasto stołeczne  2020-01-01

[2 rows x 7 columns]
[2020-11-12]  15:09:06    geolocbot INFO      [TERC] Result(s) for [field-Series].map(str).str.equal('warszawa'):
     WOJ POW  GMI  ...     NAZWA                             NAZWA_DOD     STAN_NA
2045  14  65  NaN  ...  Warszawa  miasto stołeczne, na prawach powiatu  2020-01-01
2046  14  65   01  ...  Warszawa       gmina miejska, miasto stołeczne  2020-01-01

[2 rows x 7 columns]
[2020-11-12]  15:09:13    pywiki    CRITICAL  Exiting due to uncaught exception <class 'AssertionError'>
[2020-11-12]  15:10:13    pywiki    CRITICAL  Exiting due to uncaught exception <class 'AssertionError'>
[2020-11-12]  15:11:40    pywiki    CRITICAL  Exiting due to uncaught exception <class 'AssertionError'>
[2020-11-12]  15:12:05    pywiki    CRITICAL  Exiting due to uncaught exception <class 'AssertionError'>
[2020-11-12]  15:12:26    pywiki    CRITICAL  Exiting due to uncaught exception <class 'AssertionError'>
[2020-11-12]  15:12:46    pywiki    CRITICAL  Exiting due to uncaught exception <class 'AssertionError'>
[2020-11-12]  15:12:56    pywiki    CRITICAL  Exiting due to uncaught exception <class 'AssertionError'>
[2020-11-12]  15:13:56    pywiki    CRITICAL  Exiting due to uncaught exception <class 'AssertionError'>
[2020-11-12]  15:14:32    pywiki    CRITICAL  Exiting due to uncaught exception <class 'AssertionError'>
[2020-11-12]  15:15:08    pywiki    CRITICAL  Exiting due to uncaught exception <class 'AssertionError'>
[2020-11-12]  15:15:54    pywiki    CRITICAL  Exiting due to uncaught exception <class 'AssertionError'>
[2020-11-12]  15:16:26    pywiki    CRITICAL  Exiting due to uncaught exception <class 'AssertionError'>
[2020-11-12]  15:16:54    pywiki    CRITICAL  Exiting due to uncaught exception <class 'AssertionError'>
[2020-11-12]  15:17:20    pywiki    CRITICAL  Exiting due to uncaught exception <class 'AssertionError'>
[2020-11-12]  15:17:41    pywiki    CRITICAL  Exiting due to uncaught exception <class 'AssertionError'>
[2020-11-12]  15:17:53    pywiki    CRITICAL  Exiting due to uncaught exception <class 'TypeError'>
[2020-11-12]  15:18:56    pywiki    CRITICAL  Exiting due to uncaught exception <class 'TypeError'>
[2020-11-12]  15:19:10    pywiki    CRITICAL  Exiting due to uncaught exception <class 'TypeError'>
[2020-11-12]  15:19:56    pywiki    CRITICAL  Exiting due to uncaught exception <class 'TypeError'>
[2020-11-12]  15:20:49    pywiki    CRITICAL  Exiting due to uncaught exception <class 'TypeError'>
[2020-11-12]  15:20:55    pywiki    CRITICAL  Exiting due to uncaught exception <class 'TypeError'>
[2020-11-12]  15:24:29    pywiki    CRITICAL  Exiting due to uncaught exception <class 'AssertionError'>
[2020-11-12]  15:24:50    pywiki    CRITICAL  Exiting due to uncaught exception <class 'AssertionError'>
[2020-11-12]  15:24:56    pywiki    CRITICAL  Exiting due to uncaught exception <class 'AssertionError'>
[2020-11-12]  15:25:34    geolocbot INFO      [TERC] Entry frame not found.
[2020-11-12]  15:25:46    geolocbot INFO      [TERC] Result(s) for [field-Series].map(str).str.contains('E'):
     WOJ  POW  GMI RODZ          NAZWA                  NAZWA_DOD     STAN_NA
0     02  NaN  NaN  NaN   DOLNOŚLĄSKIE                województwo  2020-01-01
1     02   01  NaN  NaN  bolesławiecki                     powiat  2020-01-01
2     02   01   01    1    Bolesławiec              gmina miejska  2020-01-01
3     02   01   02    2    Bolesławiec              gmina wiejska  2020-01-01
5     02   01   04    3   Nowogrodziec      gmina miejsko-wiejska  2020-01-01
...   ..  ...  ...  ...            ...                        ...         ...
4184  32   18   04    5          Resko             obszar wiejski  2020-01-01
4190  32   62  NaN  NaN       Szczecin  miasto na prawach powiatu  2020-01-01
4191  32   62   01    1       Szczecin              gmina miejska  2020-01-01
4192  32   63  NaN  NaN    Świnoujście  miasto na prawach powiatu  2020-01-01
4193  32   63   01    1    Świnoujście              gmina miejska  2020-01-01

[1906 rows x 7 columns]
[2020-11-12]  15:26:00    geolocbot INFO      [TERC] Result(s) for [field-Series].map(str).str.contains('E'):
     WOJ  POW  GMI  ...                NAZWA                  NAZWA_DOD     STAN_NA
0     02  NaN  NaN  ...         DOLNOŚLĄSKIE                województwo  2020-01-01
317   04  NaN  NaN  ...   KUJAWSKO-POMORSKIE                województwo  2020-01-01
555   06  NaN  NaN  ...            LUBELSKIE                województwo  2020-01-01
849   08  NaN  NaN  ...             LUBUSKIE                województwo  2020-01-01
1014  10  NaN  NaN  ...              ŁÓDZKIE                województwo  2020-01-01
1277  12  NaN  NaN  ...          MAŁOPOLSKIE                województwo  2020-01-01
1582  14  NaN  NaN  ...          MAZOWIECKIE                województwo  2020-01-01
2065  16  NaN  NaN  ...             OPOLSKIE                województwo  2020-01-01
2215  18  NaN  NaN  ...         PODKARPACKIE                województwo  2020-01-01
2471  20  NaN  NaN  ...            PODLASKIE                województwo  2020-01-01
2661  22  NaN  NaN  ...            POMORSKIE                województwo  2020-01-01
2845  24  NaN  NaN  ...              ŚLĄSKIE                województwo  2020-01-01
3093  26  NaN  NaN  ...       ŚWIĘTOKRZYSKIE                województwo  2020-01-01
3288  28  NaN  NaN  ...  WARMIŃSKO-MAZURSKIE                województwo  2020-01-01
3322  28   04   01  ...               Elbląg              gmina wiejska  2020-01-01
3324  28   04   03  ...    Gronowo Elbląskie              gmina wiejska  2020-01-01
3338  28   05   01  ...                  Ełk              gmina miejska  2020-01-01
3339  28   05   02  ...                  Ełk              gmina wiejska  2020-01-01
3490  28   61  NaN  ...               Elbląg  miasto na prawach powiatu  2020-01-01
3491  28   61   01  ...               Elbląg              gmina miejska  2020-01-01
3494  30  NaN  NaN  ...        WIELKOPOLSKIE                województwo  2020-01-01
3949  32  NaN  NaN  ...   ZACHODNIOPOMORSKIE                województwo  2020-01-01

[22 rows x 7 columns]
[2020-11-12]  15:26:40    pywiki    CRITICAL  Exiting due to uncaught exception <class 'KeyError'>
[2020-11-12]  15:29:21    geolocbot INFO      [TERC] Result(s) for None:
     WOJ  POW  GMI RODZ                NAZWA    NAZWA_DOD     STAN_NA
0     02  NaN  NaN  NaN         DOLNOŚLĄSKIE  województwo  2020-01-01
317   04  NaN  NaN  NaN   KUJAWSKO-POMORSKIE  województwo  2020-01-01
555   06  NaN  NaN  NaN            LUBELSKIE  województwo  2020-01-01
849   08  NaN  NaN  NaN             LUBUSKIE  województwo  2020-01-01
1014  10  NaN  NaN  NaN              ŁÓDZKIE  województwo  2020-01-01
1277  12  NaN  NaN  NaN          MAŁOPOLSKIE  województwo  2020-01-01
1582  14  NaN  NaN  NaN          MAZOWIECKIE  województwo  2020-01-01
2065  16  NaN  NaN  NaN             OPOLSKIE  województwo  2020-01-01
2215  18  NaN  NaN  NaN         PODKARPACKIE  województwo  2020-01-01
2471  20  NaN  NaN  NaN            PODLASKIE  województwo  2020-01-01
2661  22  NaN  NaN  NaN            POMORSKIE  województwo  2020-01-01
2845  24  NaN  NaN  NaN              ŚLĄSKIE  województwo  2020-01-01
3093  26  NaN  NaN  NaN       ŚWIĘTOKRZYSKIE  województwo  2020-01-01
3288  28  NaN  NaN  NaN  WARMIŃSKO-MAZURSKIE  województwo  2020-01-01
3494  30  NaN  NaN  NaN        WIELKOPOLSKIE  województwo  2020-01-01
3949  32  NaN  NaN  NaN   ZACHODNIOPOMORSKIE  województwo  2020-01-01
[2020-11-12]  15:32:10    pywiki    CRITICAL  Exiting due to uncaught exception <class 'TypeError'>
[2020-11-12]  15:32:51    geolocbot INFO      [TERC] Result(s) with None name-type key words:
     WOJ  POW  GMI RODZ                NAZWA    NAZWA_DOD     STAN_NA
0     02  NaN  NaN  NaN         DOLNOŚLĄSKIE  województwo  2020-01-01
317   04  NaN  NaN  NaN   KUJAWSKO-POMORSKIE  województwo  2020-01-01
555   06  NaN  NaN  NaN            LUBELSKIE  województwo  2020-01-01
849   08  NaN  NaN  NaN             LUBUSKIE  województwo  2020-01-01
1014  10  NaN  NaN  NaN              ŁÓDZKIE  województwo  2020-01-01
1277  12  NaN  NaN  NaN          MAŁOPOLSKIE  województwo  2020-01-01
1582  14  NaN  NaN  NaN          MAZOWIECKIE  województwo  2020-01-01
2065  16  NaN  NaN  NaN             OPOLSKIE  województwo  2020-01-01
2215  18  NaN  NaN  NaN         PODKARPACKIE  województwo  2020-01-01
2471  20  NaN  NaN  NaN            PODLASKIE  województwo  2020-01-01
2661  22  NaN  NaN  NaN            POMORSKIE  województwo  2020-01-01
2845  24  NaN  NaN  NaN              ŚLĄSKIE  województwo  2020-01-01
3093  26  NaN  NaN  NaN       ŚWIĘTOKRZYSKIE  województwo  2020-01-01
3288  28  NaN  NaN  NaN  WARMIŃSKO-MAZURSKIE  województwo  2020-01-01
3494  30  NaN  NaN  NaN        WIELKOPOLSKIE  województwo  2020-01-01
3949  32  NaN  NaN  NaN   ZACHODNIOPOMORSKIE  województwo  2020-01-01
[2020-11-12]  15:32:57    geolocbot INFO      [TERC] Result(s) for None name-type key words:
     WOJ  POW  GMI RODZ                NAZWA    NAZWA_DOD     STAN_NA
0     02  NaN  NaN  NaN         DOLNOŚLĄSKIE  województwo  2020-01-01
317   04  NaN  NaN  NaN   KUJAWSKO-POMORSKIE  województwo  2020-01-01
555   06  NaN  NaN  NaN            LUBELSKIE  województwo  2020-01-01
849   08  NaN  NaN  NaN             LUBUSKIE  województwo  2020-01-01
1014  10  NaN  NaN  NaN              ŁÓDZKIE  województwo  2020-01-01
1277  12  NaN  NaN  NaN          MAŁOPOLSKIE  województwo  2020-01-01
1582  14  NaN  NaN  NaN          MAZOWIECKIE  województwo  2020-01-01
2065  16  NaN  NaN  NaN             OPOLSKIE  województwo  2020-01-01
2215  18  NaN  NaN  NaN         PODKARPACKIE  województwo  2020-01-01
2471  20  NaN  NaN  NaN            PODLASKIE  województwo  2020-01-01
2661  22  NaN  NaN  NaN            POMORSKIE  województwo  2020-01-01
2845  24  NaN  NaN  NaN              ŚLĄSKIE  województwo  2020-01-01
3093  26  NaN  NaN  NaN       ŚWIĘTOKRZYSKIE  województwo  2020-01-01
3288  28  NaN  NaN  NaN  WARMIŃSKO-MAZURSKIE  województwo  2020-01-01
3494  30  NaN  NaN  NaN        WIELKOPOLSKIE  województwo  2020-01-01
3949  32  NaN  NaN  NaN   ZACHODNIOPOMORSKIE  województwo  2020-01-01
